Archive member included to satisfy reference by file (symbol)

C:/ST/STM32CubeIDE_1.17.0/STM32CubeIDE/plugins/com.st.stm32cube.ide.mcu.externaltools.gnu-tools-for-stm32.12.3.rel1.win32_1.1.0.202410251130/tools/bin/../lib/gcc/arm-none-eabi/12.3.1/../../../../arm-none-eabi/lib/thumb/v7e-m+fp/hard\libstdc++_nano.a(del_ops.o)
                              ./Core/Src/TimerArrayControl.o (operator delete(void*, unsigned int))
C:/ST/STM32CubeIDE_1.17.0/STM32CubeIDE/plugins/com.st.stm32cube.ide.mcu.externaltools.gnu-tools-for-stm32.12.3.rel1.win32_1.1.0.202410251130/tools/bin/../lib/gcc/arm-none-eabi/12.3.1/../../../../arm-none-eabi/lib/thumb/v7e-m+fp/hard\libstdc++_nano.a(del_op.o)
                              C:/ST/STM32CubeIDE_1.17.0/STM32CubeIDE/plugins/com.st.stm32cube.ide.mcu.externaltools.gnu-tools-for-stm32.12.3.rel1.win32_1.1.0.202410251130/tools/bin/../lib/gcc/arm-none-eabi/12.3.1/../../../../arm-none-eabi/lib/thumb/v7e-m+fp/hard\libstdc++_nano.a(del_ops.o) (operator delete(void*))
C:/ST/STM32CubeIDE_1.17.0/STM32CubeIDE/plugins/com.st.stm32cube.ide.mcu.externaltools.gnu-tools-for-stm32.12.3.rel1.win32_1.1.0.202410251130/tools/bin/../lib/gcc/arm-none-eabi/12.3.1/../../../../arm-none-eabi/lib/thumb/v7e-m+fp/hard\libc_nano.a(libc_a-exit.o)
                              C:/ST/STM32CubeIDE_1.17.0/STM32CubeIDE/plugins/com.st.stm32cube.ide.mcu.externaltools.gnu-tools-for-stm32.12.3.rel1.win32_1.1.0.202410251130/tools/bin/../lib/gcc/arm-none-eabi/12.3.1/../../../../arm-none-eabi/lib/thumb/v7e-m+fp/hard/crt0.o (exit)
C:/ST/STM32CubeIDE_1.17.0/STM32CubeIDE/plugins/com.st.stm32cube.ide.mcu.externaltools.gnu-tools-for-stm32.12.3.rel1.win32_1.1.0.202410251130/tools/bin/../lib/gcc/arm-none-eabi/12.3.1/../../../../arm-none-eabi/lib/thumb/v7e-m+fp/hard\libc_nano.a(libc_a-malloc.o)
                              C:/ST/STM32CubeIDE_1.17.0/STM32CubeIDE/plugins/com.st.stm32cube.ide.mcu.externaltools.gnu-tools-for-stm32.12.3.rel1.win32_1.1.0.202410251130/tools/bin/../lib/gcc/arm-none-eabi/12.3.1/../../../../arm-none-eabi/lib/thumb/v7e-m+fp/hard\libstdc++_nano.a(del_op.o) (free)
C:/ST/STM32CubeIDE_1.17.0/STM32CubeIDE/plugins/com.st.stm32cube.ide.mcu.externaltools.gnu-tools-for-stm32.12.3.rel1.win32_1.1.0.202410251130/tools/bin/../lib/gcc/arm-none-eabi/12.3.1/../../../../arm-none-eabi/lib/thumb/v7e-m+fp/hard\libc_nano.a(libc_a-mallocr.o)
                              C:/ST/STM32CubeIDE_1.17.0/STM32CubeIDE/plugins/com.st.stm32cube.ide.mcu.externaltools.gnu-tools-for-stm32.12.3.rel1.win32_1.1.0.202410251130/tools/bin/../lib/gcc/arm-none-eabi/12.3.1/../../../../arm-none-eabi/lib/thumb/v7e-m+fp/hard\libc_nano.a(libc_a-malloc.o) (_malloc_r)
C:/ST/STM32CubeIDE_1.17.0/STM32CubeIDE/plugins/com.st.stm32cube.ide.mcu.externaltools.gnu-tools-for-stm32.12.3.rel1.win32_1.1.0.202410251130/tools/bin/../lib/gcc/arm-none-eabi/12.3.1/../../../../arm-none-eabi/lib/thumb/v7e-m+fp/hard\libc_nano.a(libc_a-mlock.o)
                              C:/ST/STM32CubeIDE_1.17.0/STM32CubeIDE/plugins/com.st.stm32cube.ide.mcu.externaltools.gnu-tools-for-stm32.12.3.rel1.win32_1.1.0.202410251130/tools/bin/../lib/gcc/arm-none-eabi/12.3.1/../../../../arm-none-eabi/lib/thumb/v7e-m+fp/hard\libc_nano.a(libc_a-mallocr.o) (__malloc_lock)
C:/ST/STM32CubeIDE_1.17.0/STM32CubeIDE/plugins/com.st.stm32cube.ide.mcu.externaltools.gnu-tools-for-stm32.12.3.rel1.win32_1.1.0.202410251130/tools/bin/../lib/gcc/arm-none-eabi/12.3.1/../../../../arm-none-eabi/lib/thumb/v7e-m+fp/hard\libc_nano.a(libc_a-nano-vfprintf_float.o)
                              (_printf_float)
C:/ST/STM32CubeIDE_1.17.0/STM32CubeIDE/plugins/com.st.stm32cube.ide.mcu.externaltools.gnu-tools-for-stm32.12.3.rel1.win32_1.1.0.202410251130/tools/bin/../lib/gcc/arm-none-eabi/12.3.1/../../../../arm-none-eabi/lib/thumb/v7e-m+fp/hard\libc_nano.a(libc_a-nano-vfprintf_i.o)
                              C:/ST/STM32CubeIDE_1.17.0/STM32CubeIDE/plugins/com.st.stm32cube.ide.mcu.externaltools.gnu-tools-for-stm32.12.3.rel1.win32_1.1.0.202410251130/tools/bin/../lib/gcc/arm-none-eabi/12.3.1/../../../../arm-none-eabi/lib/thumb/v7e-m+fp/hard\libc_nano.a(libc_a-nano-vfprintf_float.o) (_printf_common)
C:/ST/STM32CubeIDE_1.17.0/STM32CubeIDE/plugins/com.st.stm32cube.ide.mcu.externaltools.gnu-tools-for-stm32.12.3.rel1.win32_1.1.0.202410251130/tools/bin/../lib/gcc/arm-none-eabi/12.3.1/../../../../arm-none-eabi/lib/thumb/v7e-m+fp/hard\libc_nano.a(libc_a-findfp.o)
                              C:/ST/STM32CubeIDE_1.17.0/STM32CubeIDE/plugins/com.st.stm32cube.ide.mcu.externaltools.gnu-tools-for-stm32.12.3.rel1.win32_1.1.0.202410251130/tools/bin/../lib/gcc/arm-none-eabi/12.3.1/../../../../arm-none-eabi/lib/thumb/v7e-m+fp/hard\libc_nano.a(libc_a-exit.o) (__stdio_exit_handler)
[...]
Memory Configuration

Name             Origin             Length             Attributes
RAM              0x20000000         0x00020000         xrw
FLASH            0x08000000         0x00080000         xr
*default*        0x00000000         0xffffffff

Linker script and memory map

LOAD C:/ST/STM32CubeIDE_1.17.0/STM32CubeIDE/plugins/com.st.stm32cube.ide.mcu.externaltools.gnu-tools-for-stm32.12.3.rel1.win32_1.1.0.202410251130/tools/bin/../lib/gcc/arm-none-eabi/12.3.1/thumb/v7e-m+fp/hard/crti.o
LOAD C:/ST/STM32CubeIDE_1.17.0/STM32CubeIDE/plugins/com.st.stm32cube.ide.mcu.externaltools.gnu-tools-for-stm32.12.3.rel1.win32_1.1.0.202410251130/tools/bin/../lib/gcc/arm-none-eabi/12.3.1/thumb/v7e-m+fp/hard/crtbegin.o
LOAD C:/ST/STM32CubeIDE_1.17.0/STM32CubeIDE/plugins/com.st.stm32cube.ide.mcu.externaltools.gnu-tools-for-stm32.12.3.rel1.win32_1.1.0.202410251130/tools/bin/../lib/gcc/arm-none-eabi/12.3.1/../../../../arm-none-eabi/lib/thumb/v7e-m+fp/hard/crt0.o
LOAD ./Core/Src/MTi.o
LOAD ./Core/Src/Timer.o
LOAD ./Core/Src/TimerArrayControl.o
LOAD ./Core/Src/main.o
LOAD ./Core/Src/stepperControl.o
LOAD ./Core/Src/stepperControl_wrapper.o
LOAD ./Core/Src/stm32f4xx_hal_msp.o
LOAD ./Core/Src/stm32f4xx_it.o
LOAD ./Core/Src/syscalls.o
LOAD ./Core/Src/sysmem.o
LOAD ./Core/Src/system_stm32f4xx.o
LOAD ./Core/Src/xbus.o
LOAD ./Core/Startup/startup_stm32f446retx.o
LOAD ./Drivers/STM32F4xx_HAL_Driver/Src/stm32f4xx_hal.o
LOAD ./Drivers/STM32F4xx_HAL_Driver/Src/stm32f4xx_hal_cortex.o
LOAD ./Drivers/STM32F4xx_HAL_Driver/Src/stm32f4xx_hal_dma.o
LOAD ./Drivers/STM32F4xx_HAL_Driver/Src/stm32f4xx_hal_dma_ex.o
LOAD ./Drivers/STM32F4xx_HAL_Driver/Src/stm32f4xx_hal_exti.o
LOAD ./Drivers/STM32F4xx_HAL_Driver/Src/stm32f4xx_hal_flash.o
LOAD ./Drivers/STM32F4xx_HAL_Driver/Src/stm32f4xx_hal_flash_ex.o
LOAD ./Drivers/STM32F4xx_HAL_Driver/Src/stm32f4xx_hal_flash_ramfunc.o
LOAD ./Drivers/STM32F4xx_HAL_Driver/Src/stm32f4xx_hal_gpio.o
LOAD ./Drivers/STM32F4xx_HAL_Driver/Src/stm32f4xx_hal_i2c.o
LOAD ./Drivers/STM32F4xx_HAL_Driver/Src/stm32f4xx_hal_i2c_ex.o
LOAD ./Drivers/STM32F4xx_HAL_Driver/Src/stm32f4xx_hal_pwr.o
LOAD ./Drivers/STM32F4xx_HAL_Driver/Src/stm32f4xx_hal_pwr_ex.o
LOAD ./Drivers/STM32F4xx_HAL_Driver/Src/stm32f4xx_hal_rcc.o
LOAD ./Drivers/STM32F4xx_HAL_Driver/Src/stm32f4xx_hal_rcc_ex.o
LOAD ./Drivers/STM32F4xx_HAL_Driver/Src/stm32f4xx_hal_tim.o
LOAD ./Drivers/STM32F4xx_HAL_Driver/Src/stm32f4xx_hal_tim_ex.o
LOAD ./Drivers/STM32F4xx_HAL_Driver/Src/stm32f4xx_hal_uart.o
START GROUP
LOAD C:/ST/STM32CubeIDE_1.17.0/STM32CubeIDE/plugins/com.st.stm32cube.ide.mcu.externaltools.gnu-tools-for-stm32.12.3.rel1.win32_1.1.0.202410251130/tools/bin/../lib/gcc/arm-none-eabi/12.3.1/../../../../arm-none-eabi/lib/thumb/v7e-m+fp/hard\libstdc++_nano.a
LOAD C:/ST/STM32CubeIDE_1.17.0/STM32CubeIDE/plugins/com.st.stm32cube.ide.mcu.externaltools.gnu-tools-for-stm32.12.3.rel1.win32_1.1.0.202410251130/tools/bin/../lib/gcc/arm-none-eabi/12.3.1/../../../../arm-none-eabi/lib/thumb/v7e-m+fp/hard\libsupc++_nano.a
END GROUP
LOAD C:/ST/STM32CubeIDE_1.17.0/STM32CubeIDE/plugins/com.st.stm32cube.ide.mcu.externaltools.gnu-tools-for-stm32.12.3.rel1.win32_1.1.0.202410251130/tools/bin/../lib/gcc/arm-none-eabi/12.3.1/../../../../arm-none-eabi/lib/thumb/v7e-m+fp/hard\libstdc++_nano.a
LOAD C:/ST/STM32CubeIDE_1.17.0/STM32CubeIDE/plugins/com.st.stm32cube.ide.mcu.externaltools.gnu-tools-for-stm32.12.3.rel1.win32_1.1.0.202410251130/tools/bin/../lib/gcc/arm-none-eabi/12.3.1/../../../../arm-none-eabi/lib/thumb/v7e-m+fp/hard\libm.a
LOAD C:/ST/STM32CubeIDE_1.17.0/STM32CubeIDE/plugins/com.st.stm32cube.ide.mcu.externaltools.gnu-tools-for-stm32.12.3.rel1.win32_1.1.0.202410251130/tools/bin/../lib/gcc/arm-none-eabi/12.3.1/../../../../arm-none-eabi/lib/thumb/v7e-m+fp/hard\libc_nano.a
START GROUP
LOAD C:/ST/STM32CubeIDE_1.17.0/STM32CubeIDE/plugins/com.st.stm32cube.ide.mcu.externaltools.gnu-tools-for-stm32.12.3.rel1.win32_1.1.0.202410251130/tools/bin/../lib/gcc/arm-none-eabi/12.3.1/thumb/v7e-m+fp/hard\libgcc.a
LOAD C:/ST/STM32CubeIDE_1.17.0/STM32CubeIDE/plugins/com.st.stm32cube.ide.mcu.externaltools.gnu-tools-for-stm32.12.3.rel1.win32_1.1.0.202410251130/tools/bin/../lib/gcc/arm-none-eabi/12.3.1/../../../../arm-none-eabi/lib/thumb/v7e-m+fp/hard\libc_nano.a
END GROUP
START GROUP
LOAD C:/ST/STM32CubeIDE_1.17.0/STM32CubeIDE/plugins/com.st.stm32cube.ide.mcu.externaltools.gnu-tools-for-stm32.12.3.rel1.win32_1.1.0.202410251130/tools/bin/../lib/gcc/arm-none-eabi/12.3.1/thumb/v7e-m+fp/hard\libgcc.a
LOAD C:/ST/STM32CubeIDE_1.17.0/STM32CubeIDE/plugins/com.st.stm32cube.ide.mcu.externaltools.gnu-tools-for-stm32.12.3.rel1.win32_1.1.0.202410251130/tools/bin/../lib/gcc/arm-none-eabi/12.3.1/../../../../arm-none-eabi/lib/thumb/v7e-m+fp/hard\libc_nano.a
LOAD C:/ST/STM32CubeIDE_1.17.0/STM32CubeIDE/plugins/com.st.stm32cube.ide.mcu.externaltools.gnu-tools-for-stm32.12.3.rel1.win32_1.1.0.202410251130/tools/bin/../lib/gcc/arm-none-eabi/12.3.1/../../../../arm-none-eabi/lib/thumb/v7e-m+fp/hard\libnosys.a
END GROUP
START GROUP
LOAD C:/ST/STM32CubeIDE_1.17.0/STM32CubeIDE/plugins/com.st.stm32cube.ide.mcu.externaltools.gnu-tools-for-stm32.12.3.rel1.win32_1.1.0.202410251130/tools/bin/../lib/gcc/arm-none-eabi/12.3.1/thumb/v7e-m+fp/hard\libgcc.a
LOAD C:/ST/STM32CubeIDE_1.17.0/STM32CubeIDE/plugins/com.st.stm32cube.ide.mcu.externaltools.gnu-tools-for-stm32.12.3.rel1.win32_1.1.0.202410251130/tools/bin/../lib/gcc/arm-none-eabi/12.3.1/../../../../arm-none-eabi/lib/thumb/v7e-m+fp/hard\libc_nano.a
LOAD C:/ST/STM32CubeIDE_1.17.0/STM32CubeIDE/plugins/com.st.stm32cube.ide.mcu.externaltools.gnu-tools-for-stm32.12.3.rel1.win32_1.1.0.202410251130/tools/bin/../lib/gcc/arm-none-eabi/12.3.1/../../../../arm-none-eabi/lib/thumb/v7e-m+fp/hard\libnosys.a
END GROUP
LOAD C:/ST/STM32CubeIDE_1.17.0/STM32CubeIDE/plugins/com.st.stm32cube.ide.mcu.externaltools.gnu-tools-for-stm32.12.3.rel1.win32_1.1.0.202410251130/tools/bin/../lib/gcc/arm-none-eabi/12.3.1/thumb/v7e-m+fp/hard/crtend.o
LOAD C:/ST/STM32CubeIDE_1.17.0/STM32CubeIDE/plugins/com.st.stm32cube.ide.mcu.externaltools.gnu-tools-for-stm32.12.3.rel1.win32_1.1.0.202410251130/tools/bin/../lib/gcc/arm-none-eabi/12.3.1/thumb/v7e-m+fp/hard/crtn.o
                0x20020000                        _estack = (ORIGIN (RAM) + LENGTH (RAM))
                0x00000200                        _Min_Heap_Size = 0x200
                0x00000400                        _Min_Stack_Size = 0x400

.isr_vector     0x08000000      0x1c4
                0x08000000                        . = ALIGN (0x4)
 *(.isr_vector)
 .isr_vector    0x08000000      0x1c4 ./Core/Startup/startup_stm32f446retx.o
                0x08000000                g_pfnVectors
                0x080001c4                        . = ALIGN (0x4)

.text           0x080001d0     0x96dc
                0x080001d0                        . = ALIGN (0x4)
 *(.text)
 .text          0x080001d0       0x40 C:/ST/STM32CubeIDE_1.17.0/STM32CubeIDE/plugins/com.st.stm32cube.ide.mcu.externaltools.gnu-tools-for-stm32.12.3.rel1.win32_1.1.0.202410251130/tools/bin/../lib/gcc/arm-none-eabi/12.3.1/thumb/v7e-m+fp/hard/crtbegin.o
 .text          0x08000210       0xa0 C:/ST/STM32CubeIDE_1.17.0/STM32CubeIDE/plugins/com.st.stm32cube.ide.mcu.externaltools.gnu-tools-for-stm32.12.3.rel1.win32_1.1.0.202410251130/tools/bin/../lib/gcc/arm-none-eabi/12.3.1/../../../../arm-none-eabi/lib/thumb/v7e-m+fp/hard\libc_nano.a(libc_a-memchr.o)
                0x08000210                memchr
 .text          0x080002b0       0x10 C:/ST/STM32CubeIDE_1.17.0/STM32CubeIDE/plugins/com.st.stm32cube.ide.mcu.externaltools.gnu-tools-for-stm32.12.3.rel1.win32_1.1.0.202410251130/tools/bin/../lib/gcc/arm-none-eabi/12.3.1/../../../../arm-none-eabi/lib/thumb/v7e-m+fp/hard\libc_nano.a(libc_a-strlen.o)
                0x080002b0                strlen
 .text          0x080002c0      0x378 C:/ST/STM32CubeIDE_1.17.0/STM32CubeIDE/plugins/com.st.stm32cube.ide.mcu.externaltools.gnu-tools-for-stm32.12.3.rel1.win32_1.1.0.202410251130/tools/bin/../lib/gcc/arm-none-eabi/12.3.1/thumb/v7e-m+fp/hard\libgcc.a(_arm_addsubdf3.o)
                0x080002c0                __aeabi_drsub
                0x080002c8                __aeabi_dsub
                0x080002c8                __subdf3
                0x080002cc                __aeabi_dadd
                0x080002cc                __adddf3
                0x08000544                __floatunsidf
                0x08000544                __aeabi_ui2d
                0x08000564                __floatsidf
                0x08000564                __aeabi_i2d
                0x08000588                __aeabi_f2d
                0x08000588                __extendsfdf2
                0x080005cc                __floatundidf
                0x080005cc                __aeabi_ul2d
                0x080005dc                __floatdidf
                0x080005dc                __aeabi_l2d
 .text          0x08000638      0x424 C:/ST/STM32CubeIDE_1.17.0/STM32CubeIDE/plugins/com.st.stm32cube.ide.mcu.externaltools.gnu-tools-for-stm32.12.3.rel1.win32_1.1.0.202410251130/tools/bin/../lib/gcc/arm-none-eabi/12.3.1/thumb/v7e-m+fp/hard\libgcc.a(_arm_muldivdf3.o)
                0x08000638                __aeabi_dmul
                0x08000638                __muldf3
                0x0800088c                __divdf3
                0x0800088c                __aeabi_ddiv
 .text          0x08000a5c      0x110 C:/ST/STM32CubeIDE_1.17.0/STM32CubeIDE/plugins/com.st.stm32cube.ide.mcu.externaltools.gnu-tools-for-stm32.12.3.rel1.win32_1.1.0.202410251130/tools/bin/../lib/gcc/arm-none-eabi/12.3.1/thumb/v7e-m+fp/hard\libgcc.a(_arm_cmpdf2.o)
                0x08000a5c                __gtdf2
                0x08000a5c                __gedf2
                0x08000a64                __ltdf2
                0x08000a64                __ledf2
                0x08000a6c                __nedf2
                0x08000a6c                __eqdf2
                0x08000a6c                __cmpdf2
                0x08000ae8                __aeabi_cdrcmple
                0x08000af8                __aeabi_cdcmpeq
                0x08000af8                __aeabi_cdcmple
                0x08000b08                __aeabi_dcmpeq
                0x08000b1c                __aeabi_dcmplt
                0x08000b30                __aeabi_dcmple
                0x08000b44                __aeabi_dcmpge
                0x08000b58                __aeabi_dcmpgt
 .text          0x08000b6c       0x2c C:/ST/STM32CubeIDE_1.17.0/STM32CubeIDE/plugins/com.st.stm32cube.ide.mcu.externaltools.gnu-tools-for-stm32.12.3.rel1.win32_1.1.0.202410251130/tools/bin/../lib/gcc/arm-none-eabi/12.3.1/thumb/v7e-m+fp/hard\libgcc.a(_arm_unorddf2.o)
                0x08000b6c                __unorddf2
                0x08000b6c                __aeabi_dcmpun
 .text          0x08000b98       0x50 C:/ST/STM32CubeIDE_1.17.0/STM32CubeIDE/plugins/com.st.stm32cube.ide.mcu.externaltools.gnu-tools-for-stm32.12.3.rel1.win32_1.1.0.202410251130/tools/bin/../lib/gcc/arm-none-eabi/12.3.1/thumb/v7e-m+fp/hard\libgcc.a(_arm_fixdfsi.o)
                0x08000b98                __aeabi_d2iz
                0x08000b98                __fixdfsi
 .text          0x08000be8       0x30 C:/ST/STM32CubeIDE_1.17.0/STM32CubeIDE/plugins/com.st.stm32cube.ide.mcu.externaltools.gnu-tools-for-stm32.12.3.rel1.win32_1.1.0.202410251130/tools/bin/../lib/gcc/arm-none-eabi/12.3.1/thumb/v7e-m+fp/hard\libgcc.a(_aeabi_uldivmod.o)
                0x08000be8                __aeabi_uldivmod
 .text          0x08000c18      0x2bc C:/ST/STM32CubeIDE_1.17.0/STM32CubeIDE/plugins/com.st.stm32cube.ide.mcu.externaltools.gnu-tools-for-stm32.12.3.rel1.win32_1.1.0.202410251130/tools/bin/../lib/gcc/arm-none-eabi/12.3.1/thumb/v7e-m+fp/hard\libgcc.a(_udivmoddi4.o)
                0x08000c18                __udivmoddi4
 .text          0x08000ed4        0x4 C:/ST/STM32CubeIDE_1.17.0/STM32CubeIDE/plugins/com.st.stm32cube.ide.mcu.externaltools.gnu-tools-for-stm32.12.3.rel1.win32_1.1.0.202410251130/tools/bin/../lib/gcc/arm-none-eabi/12.3.1/thumb/v7e-m+fp/hard\libgcc.a(_dvmd_tls.o)
                0x08000ed4                __aeabi_idiv0
                0x08000ed4                __aeabi_ldiv0
 *(.text*)
 .text.MTi_init
                0x08000ed8      0x2a8 ./Core/Src/MTi.o
                0x08000ed8                MTi_init
 .text.MTi_goToMeasurement
                0x08001180       0x48 ./Core/Src/MTi.o
                0x08001180                MTi_goToMeasurement
 .text.MTi_step
                0x080011c8      0x168 ./Core/Src/MTi.o
                0x080011c8                MTi_step
 .text._ZN5TimerC2EPFvvE
                0x08001330       0x40 ./Core/Src/Timer.o
                0x08001330                Timer::Timer(void (*)())
                0x08001330                Timer::Timer(void (*)())
 .text._ZN5TimerC2EmbPFvvE
                0x08001370       0x48 ./Core/Src/Timer.o
                0x08001370                Timer::Timer(unsigned long, bool, void (*)())
                0x08001370                Timer::Timer(unsigned long, bool, void (*)())
 .text._ZN5Timer4fireEv
                0x080013b8       0x16 ./Core/Src/Timer.o
                0x080013b8                Timer::fire()
 .text.HAL_TIM_OC_DelayElapsedCallback
                0x080013ce       0x16 ./Core/Src/TimerArrayControl.o
                0x080013ce                HAL_TIM_OC_DelayElapsedCallback
 .text._ZN17TimerArrayControl9TimerFeedC2EP17TIM_HandleTypeDefh
                0x080013e4       0x44 ./Core/Src/TimerArrayControl.o
                0x080013e4                TimerArrayControl::TimerFeed::TimerFeed(TIM_HandleTypeDef*, unsigned char)
                0x080013e4                TimerArrayControl::TimerFeed::TimerFeed(TIM_HandleTypeDef*, unsigned char)
 .text._ZN17TimerArrayControl9TimerFeed22findTimerInsertionLinkEP5TimerS2_
                0x08001428       0x48 ./Core/Src/TimerArrayControl.o
                0x08001428                TimerArrayControl::TimerFeed::findTimerInsertionLink(Timer*, Timer*)
 .text._ZN17TimerArrayControl9TimerFeed11insertTimerEP5TimerS2_
                0x08001470       0x42 ./Core/Src/TimerArrayControl.o
                0x08001470                TimerArrayControl::TimerFeed::insertTimer(Timer*, Timer*)
 .text._ZN17TimerArrayControl9TimerFeed11insertTimerEP5Timer
                0x080014b2       0x2a ./Core/Src/TimerArrayControl.o
                0x080014b2                TimerArrayControl::TimerFeed::insertTimer(Timer*)
 .text._ZN17TimerArrayControl9TimerFeed11removeTimerEP5Timer
                0x080014dc       0x70 ./Core/Src/TimerArrayControl.o
                0x080014dc                TimerArrayControl::TimerFeed::removeTimer(Timer*)
 .text._ZN17TimerArrayControl9TimerFeed17updateTimerTargetEP5Timerm
                0x0800154c       0xbe ./Core/Src/TimerArrayControl.o
                0x0800154c                TimerArrayControl::TimerFeed::updateTimerTarget(Timer*, unsigned long)
 .text._ZN17TimerArrayControl9TimerFeed8isSoonerEmm
                0x0800160a       0x3e ./Core/Src/TimerArrayControl.o
                0x0800160a                TimerArrayControl::TimerFeed::isSooner(unsigned long, unsigned long)
 .text._ZN17TimerArrayControl9TimerFeed10updateTimeEv
                0x08001648       0x20 ./Core/Src/TimerArrayControl.o
                0x08001648                TimerArrayControl::TimerFeed::updateTime()
 .text._ZN17TimerArrayControl9TimerFeed14updateTickTimeEv
                0x08001668       0x44 ./Core/Src/TimerArrayControl.o
                0x08001668                TimerArrayControl::TimerFeed::updateTickTime()
 .text._ZN17TimerArrayControlC2EP17TIM_HandleTypeDefmmh
                0x080016ac       0x60 ./Core/Src/TimerArrayControl.o
                0x080016ac                TimerArrayControl::TimerArrayControl(TIM_HandleTypeDef*, unsigned long, unsigned long, unsigned char)
                0x080016ac                TimerArrayControl::TimerArrayControl(TIM_HandleTypeDef*, unsigned long, unsigned long, unsigned char)
 .text._ZN17TimerArrayControl5beginEv
                0x0800170c       0x9c ./Core/Src/TimerArrayControl.o
                0x0800170c                TimerArrayControl::begin()
 .text._ZN17TimerArrayControl15chainedCallbackEP17TIM_HandleTypeDef
                0x080017a8       0x22 ./Core/Src/TimerArrayControl.o
                0x080017a8                TimerArrayControl::chainedCallback(TIM_HandleTypeDef*)
 .text._ZN17TimerArrayControl4tickEv
                0x080017ca       0xd2 ./Core/Src/TimerArrayControl.o
                0x080017ca                TimerArrayControl::tick()
 .text._ZN17TimerArrayControl21registerAttachedTimerEP5Timer
                0x0800189c       0x3c ./Core/Src/TimerArrayControl.o
                0x0800189c                TimerArrayControl::registerAttachedTimer(Timer*)
 .text._ZN17TimerArrayControl21registerDetachedTimerEP5Timer
                0x080018d8       0x2e ./Core/Src/TimerArrayControl.o
                0x080018d8                TimerArrayControl::registerDetachedTimer(Timer*)
 .text._ZN17TimerArrayControl19registerDelayChangeEP5Timerm
                0x08001906       0x88 ./Core/Src/TimerArrayControl.o
                0x08001906                TimerArrayControl::registerDelayChange(Timer*, unsigned long)
 .text._ZN17TimerArrayControl11attachTimerEP5Timer
                0x0800198e       0x68 ./Core/Src/TimerArrayControl.o
                0x0800198e                TimerArrayControl::attachTimer(Timer*)
 .text._ZN17TimerArrayControl11detachTimerEP5Timer
                0x080019f6       0x5e ./Core/Src/TimerArrayControl.o
                0x080019f6                TimerArrayControl::detachTimer(Timer*)
 .text._ZN17TimerArrayControl16changeTimerDelayEP5Timerm
                0x08001a54       0x6e ./Core/Src/TimerArrayControl.o
                0x08001a54                TimerArrayControl::changeTimerDelay(Timer*, unsigned long)
 .text._ZNK17TimerArrayControl14remainingTicksEP5Timer
                0x08001ac2       0x40 ./Core/Src/TimerArrayControl.o
                0x08001ac2                TimerArrayControl::remainingTicks(Timer*) const
 .text._ZNK17TimerArrayControl12elapsedTicksEP5Timer
                0x08001b02       0x34 ./Core/Src/TimerArrayControl.o
                0x08001b02                TimerArrayControl::elapsedTicks(Timer*) const
 *fill*         0x08001b36        0x2 
 .text._ZN13CallbackChainI35TIM_OC_DelayElapsed_CallbackChainIDJP17TIM_HandleTypeDefEE4fireES2_
                0x08001b38       0x38 ./Core/Src/TimerArrayControl.o
                0x08001b38                CallbackChain<TIM_OC_DelayElapsed_CallbackChainID, TIM_HandleTypeDef*>::fire(TIM_HandleTypeDef*)
 .text._ZN13CallbackChainI35TIM_OC_DelayElapsed_CallbackChainIDJP17TIM_HandleTypeDefEEC2Ev
                0x08001b70       0x34 ./Core/Src/TimerArrayControl.o
                0x08001b70                CallbackChain<TIM_OC_DelayElapsed_CallbackChainID, TIM_HandleTypeDef*>::CallbackChain()
                0x08001b70                CallbackChain<TIM_OC_DelayElapsed_CallbackChainID, TIM_HandleTypeDef*>::CallbackChain()
 .text._ZN13CallbackChainI35TIM_OC_DelayElapsed_CallbackChainIDJP17TIM_HandleTypeDefEED2Ev
                0x08001ba4       0x44 ./Core/Src/TimerArrayControl.o
                0x08001ba4                CallbackChain<TIM_OC_DelayElapsed_CallbackChainID, TIM_HandleTypeDef*>::~CallbackChain()
                0x08001ba4                CallbackChain<TIM_OC_DelayElapsed_CallbackChainID, TIM_HandleTypeDef*>::~CallbackChain()
 .text._ZN13CallbackChainI35TIM_OC_DelayElapsed_CallbackChainIDJP17TIM_HandleTypeDefEED0Ev
                0x08001be8       0x20 ./Core/Src/TimerArrayControl.o
                0x08001be8                CallbackChain<TIM_OC_DelayElapsed_CallbackChainID, TIM_HandleTypeDef*>::~CallbackChain()
 .text._ZN17TimerArrayControlD2Ev
                0x08001c08       0x24 ./Core/Src/TimerArrayControl.o
                0x08001c08                TimerArrayControl::~TimerArrayControl()
                0x08001c08                TimerArrayControl::~TimerArrayControl()
 .text._ZN17TimerArrayControlD0Ev
                0x08001c2c       0x20 ./Core/Src/TimerArrayControl.o
                0x08001c2c                TimerArrayControl::~TimerArrayControl()
 .text.main     0x08001c4c       0x8a ./Core/Src/main.o
                0x08001c4c                main
 *fill*         0x08001cd6        0x2 
 .text.SystemClock_Config
                0x08001cd8       0xe4 ./Core/Src/main.o
                0x08001cd8                SystemClock_Config
 .text.MX_I2C1_Init
                0x08001dbc       0x60 ./Core/Src/main.o
 .text.MX_TIM2_Init
                0x08001e1c       0x98 ./Core/Src/main.o
 .text.MX_USART2_UART_Init
                0x08001eb4       0x54 ./Core/Src/main.o
 .text.MX_GPIO_Init
                0x08001f08      0x1b4 ./Core/Src/main.o
 .text.Error_Handler
                0x080020bc        0xc ./Core/Src/main.o
                0x080020bc                Error_Handler
 .text._Z6doStepPv
                0x080020c8       0xd2 ./Core/Src/stepperControl.o
                0x080020c8                doStep(void*)
 .text._Z15motor4_callbackP12StepperMotor
                0x0800219a       0x16 ./Core/Src/stepperControl.o
                0x0800219a                motor4_callback(StepperMotor*)
 .text._Z15motor3_callbackP12StepperMotor
                0x080021b0       0x16 ./Core/Src/stepperControl.o
                0x080021b0                motor3_callback(StepperMotor*)
 .text._Z15motor2_callbackP12StepperMotor
                0x080021c6       0x16 ./Core/Src/stepperControl.o
                0x080021c6                motor2_callback(StepperMotor*)
 .text._Z15motor1_callbackP12StepperMotor
                0x080021dc       0x16 ./Core/Src/stepperControl.o
                0x080021dc                motor1_callback(StepperMotor*)
 *fill*         0x080021f2        0x2 
 .text._Z19stepperControl_initv
                0x080021f4      0x108 ./Core/Src/stepperControl.o
                0x080021f4                stepperControl_init()
 .text._Z4homev
                0x080022fc       0xe4 ./Core/Src/stepperControl.o
                0x080022fc                home()
 .text.HAL_GPIO_EXTI_Callback
                0x080023e0      0x154 ./Core/Src/stepperControl.o
                0x080023e0                HAL_GPIO_EXTI_Callback
 .text._ZN12ContextTimerI12StepperMotorEC2EmbPS0_PFvS2_E
                0x08002534       0x38 ./Core/Src/stepperControl.o
                0x08002534                ContextTimer<StepperMotor>::ContextTimer(unsigned long, bool, StepperMotor*, void (*)(StepperMotor*))
                0x08002534                ContextTimer<StepperMotor>::ContextTimer(unsigned long, bool, StepperMotor*, void (*)(StepperMotor*))
 .text._Z41__static_initialization_and_destruction_0ii
                0x0800256c       0xec ./Core/Src/stepperControl.o
 .text._ZN12ContextTimerI12StepperMotorE4fireEv
                0x08002658       0x1e ./Core/Src/stepperControl.o
                0x08002658                ContextTimer<StepperMotor>::fire()
 .text._GLOBAL__sub_I_timerInputFrequency
                0x08002676       0x10 ./Core/Src/stepperControl.o
 .text._GLOBAL__sub_D_timerInputFrequency
                0x08002686       0x10 ./Core/Src/stepperControl.o
 .text.stepperControl_init_wrapper
                0x08002696        0xc ./Core/Src/stepperControl_wrapper.o
                0x08002696                stepperControl_init_wrapper
 .text.stepperControl_home_wrapper
                0x080026a2        0xc ./Core/Src/stepperControl_wrapper.o
                0x080026a2                stepperControl_home_wrapper
 *fill*         0x080026ae        0x2 
 .text.setStepperDesiredPos
                0x080026b0       0x30 ./Core/Src/stepperControl_wrapper.o
                0x080026b0                setStepperDesiredPos
 .text.HAL_MspInit
                0x080026e0       0x50 ./Core/Src/stm32f4xx_hal_msp.o
                0x080026e0                HAL_MspInit
 .text.HAL_I2C_MspInit
                0x08002730       0x90 ./Core/Src/stm32f4xx_hal_msp.o
                0x08002730                HAL_I2C_MspInit
 .text.HAL_TIM_Base_MspInit
                0x080027c0       0x4c ./Core/Src/stm32f4xx_hal_msp.o
                0x080027c0                HAL_TIM_Base_MspInit
 .text.HAL_UART_MspInit
                0x0800280c       0x90 ./Core/Src/stm32f4xx_hal_msp.o
                0x0800280c                HAL_UART_MspInit
 .text.NMI_Handler
                0x0800289c        0x8 ./Core/Src/stm32f4xx_it.o
                0x0800289c                NMI_Handler
 .text.HardFault_Handler
                0x080028a4        0x8 ./Core/Src/stm32f4xx_it.o
                0x080028a4                HardFault_Handler
 .text.MemManage_Handler
                0x080028ac        0x8 ./Core/Src/stm32f4xx_it.o
                0x080028ac                MemManage_Handler
 .text.BusFault_Handler
                0x080028b4        0x8 ./Core/Src/stm32f4xx_it.o
                0x080028b4                BusFault_Handler
 .text.UsageFault_Handler
                0x080028bc        0x8 ./Core/Src/stm32f4xx_it.o
                0x080028bc                UsageFault_Handler
 .text.SVC_Handler
                0x080028c4        0xe ./Core/Src/stm32f4xx_it.o
                0x080028c4                SVC_Handler
 .text.DebugMon_Handler
                0x080028d2        0xe ./Core/Src/stm32f4xx_it.o
                0x080028d2                DebugMon_Handler
 .text.PendSV_Handler
                0x080028e0        0xe ./Core/Src/stm32f4xx_it.o
                0x080028e0                PendSV_Handler
 .text.SysTick_Handler
                0x080028ee        0xc ./Core/Src/stm32f4xx_it.o
                0x080028ee                SysTick_Handler
 .text.EXTI3_IRQHandler
                0x080028fa        0xe ./Core/Src/stm32f4xx_it.o
                0x080028fa                EXTI3_IRQHandler
 .text.TIM2_IRQHandler
                0x08002908       0x14 ./Core/Src/stm32f4xx_it.o
                0x08002908                TIM2_IRQHandler
 .text.EXTI15_10_IRQHandler
                0x0800291c       0x20 ./Core/Src/stm32f4xx_it.o
                0x0800291c                EXTI15_10_IRQHandler
 .text._getpid  0x0800293c       0x10 ./Core/Src/syscalls.o
                0x0800293c                _getpid
 .text._kill    0x0800294c       0x20 ./Core/Src/syscalls.o
                0x0800294c                _kill
 .text._exit    0x0800296c       0x16 ./Core/Src/syscalls.o
                0x0800296c                _exit
 .text._read    0x08002982       0x3a ./Core/Src/syscalls.o
                0x08002982                _read
 .text._write   0x080029bc       0x38 ./Core/Src/syscalls.o
                0x080029bc                _write
 .text._close   0x080029f4       0x18 ./Core/Src/syscalls.o
                0x080029f4                _close
 .text._fstat   0x08002a0c       0x20 ./Core/Src/syscalls.o
                0x08002a0c                _fstat
 .text._isatty  0x08002a2c       0x16 ./Core/Src/syscalls.o
                0x08002a2c                _isatty
 .text._lseek   0x08002a42       0x1a ./Core/Src/syscalls.o
                0x08002a42                _lseek
 .text._sbrk    0x08002a5c       0x6c ./Core/Src/sysmem.o
                0x08002a5c                _sbrk
 .text.SystemInit
                0x08002ac8       0x24 ./Core/Src/system_stm32f4xx.o
                0x08002ac8                SystemInit
 .text.Xbus_setBusId
                0x08002aec       0x20 ./Core/Src/xbus.o
                0x08002aec                Xbus_setBusId
 .text.Xbus_getMessageId
                0x08002b0c       0x1a ./Core/Src/xbus.o
                0x08002b0c                Xbus_getMessageId
 .text.Xbus_setMessageId
                0x08002b26       0x20 ./Core/Src/xbus.o
                0x08002b26                Xbus_setMessageId
 .text.Xbus_getPayloadLength
                0x08002b46       0x3e ./Core/Src/xbus.o
                0x08002b46                Xbus_getPayloadLength
 .text.Xbus_setPayloadLength
                0x08002b84       0x4a ./Core/Src/xbus.o
                0x08002b84                Xbus_setPayloadLength
 .text.Xbus_message
                0x08002bce       0x46 ./Core/Src/xbus.o
                0x08002bce                Xbus_message
 .text.Xbus_getPointerToPayload
                0x08002c14       0x28 ./Core/Src/xbus.o
                0x08002c14                Xbus_getPointerToPayload
 .text.Xbus_getConstPointerToPayload
                0x08002c3c       0x18 ./Core/Src/xbus.o
                0x08002c3c                Xbus_getConstPointerToPayload
 .text.checkDataReadyLineMain
                0x08002c54       0x20 ./Core/Src/xbus.o
                0x08002c54                checkDataReadyLineMain
 .text.Xbus_createRawMessageHelper
                0x08002c74       0xf6 ./Core/Src/xbus.o
                0x08002c74                Xbus_createRawMessageHelper
 .text.extractUint8
                0x08002d6a       0x30 ./Core/Src/xbus.o
                0x08002d6a                extractUint8
 .text.extractUint16
                0x08002d9a       0x5e ./Core/Src/xbus.o
                0x08002d9a                extractUint16
 .text.extractUint32
                0x08002df8       0x94 ./Core/Src/xbus.o
                0x08002df8                extractUint32
 .text.extractFloat
                0x08002e8c       0x2a ./Core/Src/xbus.o
                0x08002e8c                extractFloat
 *fill*         0x08002eb6        0x2 
 .text.Reset_Handler
                0x08002eb8       0x50 ./Core/Startup/startup_stm32f446retx.o
                0x08002eb8                Reset_Handler
 .text.Default_Handler
                0x08002f08        0x2 ./Core/Startup/startup_stm32f446retx.o
                0x08002f08                RTC_Alarm_IRQHandler
                0x08002f08                EXTI2_IRQHandler
                0x08002f08                TIM8_CC_IRQHandler
                0x08002f08                FMPI2C1_EV_IRQHandler
                0x08002f08                SPI4_IRQHandler
                0x08002f08                TIM1_CC_IRQHandler
                0x08002f08                DMA2_Stream5_IRQHandler
                0x08002f08                DMA1_Stream5_IRQHandler
                0x08002f08                PVD_IRQHandler
                0x08002f08                SDIO_IRQHandler
                0x08002f08                TAMP_STAMP_IRQHandler
                0x08002f08                CAN2_RX1_IRQHandler
                0x08002f08                TIM8_TRG_COM_TIM14_IRQHandler
                0x08002f08                TIM1_UP_TIM10_IRQHandler
                0x08002f08                TIM8_UP_TIM13_IRQHandler
                0x08002f08                I2C3_ER_IRQHandler
                0x08002f08                EXTI0_IRQHandler
                0x08002f08                I2C2_EV_IRQHandler
                0x08002f08                DMA1_Stream2_IRQHandler
                0x08002f08                CAN1_RX0_IRQHandler
                0x08002f08                FPU_IRQHandler
                0x08002f08                OTG_HS_WKUP_IRQHandler
                0x08002f08                CAN2_SCE_IRQHandler
                0x08002f08                DMA2_Stream2_IRQHandler
                0x08002f08                SPI1_IRQHandler
                0x08002f08                TIM6_DAC_IRQHandler
                0x08002f08                TIM1_BRK_TIM9_IRQHandler
                0x08002f08                DCMI_IRQHandler
                0x08002f08                CAN2_RX0_IRQHandler
                0x08002f08                DMA2_Stream3_IRQHandler
                0x08002f08                SAI2_IRQHandler
                0x08002f08                USART6_IRQHandler
                0x08002f08                USART3_IRQHandler
                0x08002f08                CAN1_RX1_IRQHandler
                0x08002f08                UART5_IRQHandler
                0x08002f08                DMA2_Stream0_IRQHandler
                0x08002f08                TIM4_IRQHandler
                0x08002f08                QUADSPI_IRQHandler
                0x08002f08                I2C1_EV_IRQHandler
                0x08002f08                DMA1_Stream6_IRQHandler
                0x08002f08                DMA1_Stream1_IRQHandler
                0x08002f08                UART4_IRQHandler
                0x08002f08                TIM3_IRQHandler
                0x08002f08                RCC_IRQHandler
                0x08002f08                TIM8_BRK_TIM12_IRQHandler
                0x08002f08                Default_Handler
                0x08002f08                CEC_IRQHandler
                0x08002f08                ADC_IRQHandler
                0x08002f08                DMA1_Stream7_IRQHandler
                0x08002f08                TIM7_IRQHandler
                0x08002f08                CAN2_TX_IRQHandler
                0x08002f08                TIM5_IRQHandler
                0x08002f08                DMA2_Stream7_IRQHandler
                0x08002f08                I2C3_EV_IRQHandler
                0x08002f08                EXTI9_5_IRQHandler
                0x08002f08                RTC_WKUP_IRQHandler
                0x08002f08                SPDIF_RX_IRQHandler
                0x08002f08                SPI2_IRQHandler
                0x08002f08                OTG_HS_EP1_IN_IRQHandler
                0x08002f08                DMA1_Stream0_IRQHandler
                0x08002f08                CAN1_TX_IRQHandler
                0x08002f08                FMPI2C1_ER_IRQHandler
                0x08002f08                EXTI4_IRQHandler
                0x08002f08                OTG_HS_EP1_OUT_IRQHandler
                0x08002f08                WWDG_IRQHandler
                0x08002f08                OTG_FS_WKUP_IRQHandler
                0x08002f08                TIM1_TRG_COM_TIM11_IRQHandler
                0x08002f08                OTG_HS_IRQHandler
                0x08002f08                EXTI1_IRQHandler
                0x08002f08                USART2_IRQHandler
                0x08002f08                I2C2_ER_IRQHandler
                0x08002f08                DMA2_Stream1_IRQHandler
                0x08002f08                CAN1_SCE_IRQHandler
                0x08002f08                FLASH_IRQHandler
                0x08002f08                DMA2_Stream4_IRQHandler
                0x08002f08                USART1_IRQHandler
                0x08002f08                OTG_FS_IRQHandler
                0x08002f08                SPI3_IRQHandler
                0x08002f08                DMA1_Stream4_IRQHandler
                0x08002f08                I2C1_ER_IRQHandler
                0x08002f08                FMC_IRQHandler
                0x08002f08                DMA2_Stream6_IRQHandler
                0x08002f08                SAI1_IRQHandler
                0x08002f08                DMA1_Stream3_IRQHandler
 *fill*         0x08002f0a        0x2 
 .text.HAL_Init
                0x08002f0c       0x44 ./Drivers/STM32F4xx_HAL_Driver/Src/stm32f4xx_hal.o
                0x08002f0c                HAL_Init
 .text.HAL_InitTick
                0x08002f50       0x60 ./Drivers/STM32F4xx_HAL_Driver/Src/stm32f4xx_hal.o
                0x08002f50                HAL_InitTick
 .text.HAL_IncTick
                0x08002fb0       0x28 ./Drivers/STM32F4xx_HAL_Driver/Src/stm32f4xx_hal.o
                0x08002fb0                HAL_IncTick
 .text.HAL_GetTick
                0x08002fd8       0x18 ./Drivers/STM32F4xx_HAL_Driver/Src/stm32f4xx_hal.o
                0x08002fd8                HAL_GetTick
 .text.HAL_Delay
                0x08002ff0       0x48 ./Drivers/STM32F4xx_HAL_Driver/Src/stm32f4xx_hal.o
                0x08002ff0                HAL_Delay
 .text.__NVIC_SetPriorityGrouping
                0x08003038       0x48 ./Drivers/STM32F4xx_HAL_Driver/Src/stm32f4xx_hal_cortex.o
 .text.__NVIC_GetPriorityGrouping
                0x08003080       0x1c ./Drivers/STM32F4xx_HAL_Driver/Src/stm32f4xx_hal_cortex.o
 .text.__NVIC_EnableIRQ
                0x0800309c       0x3c ./Drivers/STM32F4xx_HAL_Driver/Src/stm32f4xx_hal_cortex.o
 .text.__NVIC_SetPriority
                0x080030d8       0x54 ./Drivers/STM32F4xx_HAL_Driver/Src/stm32f4xx_hal_cortex.o
 .text.NVIC_EncodePriority
                0x0800312c       0x66 ./Drivers/STM32F4xx_HAL_Driver/Src/stm32f4xx_hal_cortex.o
 *fill*         0x08003192        0x2 
 .text.SysTick_Config
                0x08003194       0x44 ./Drivers/STM32F4xx_HAL_Driver/Src/stm32f4xx_hal_cortex.o
 .text.HAL_NVIC_SetPriorityGrouping
                0x080031d8       0x16 ./Drivers/STM32F4xx_HAL_Driver/Src/stm32f4xx_hal_cortex.o
                0x080031d8                HAL_NVIC_SetPriorityGrouping
 .text.HAL_NVIC_SetPriority
                0x080031ee       0x38 ./Drivers/STM32F4xx_HAL_Driver/Src/stm32f4xx_hal_cortex.o
                0x080031ee                HAL_NVIC_SetPriority
 .text.HAL_NVIC_EnableIRQ
                0x08003226       0x1c ./Drivers/STM32F4xx_HAL_Driver/Src/stm32f4xx_hal_cortex.o
                0x08003226                HAL_NVIC_EnableIRQ
 .text.HAL_SYSTICK_Config
                0x08003242       0x18 ./Drivers/STM32F4xx_HAL_Driver/Src/stm32f4xx_hal_cortex.o
                0x08003242                HAL_SYSTICK_Config
 *fill*         0x0800325a        0x2 
 .text.HAL_GPIO_Init
                0x0800325c      0x328 ./Drivers/STM32F4xx_HAL_Driver/Src/stm32f4xx_hal_gpio.o
                0x0800325c                HAL_GPIO_Init
 .text.HAL_GPIO_ReadPin
                0x08003584       0x30 ./Drivers/STM32F4xx_HAL_Driver/Src/stm32f4xx_hal_gpio.o
                0x08003584                HAL_GPIO_ReadPin
 .text.HAL_GPIO_WritePin
                0x080035b4       0x32 ./Drivers/STM32F4xx_HAL_Driver/Src/stm32f4xx_hal_gpio.o
                0x080035b4                HAL_GPIO_WritePin
 .text.HAL_GPIO_TogglePin
                0x080035e6       0x34 ./Drivers/STM32F4xx_HAL_Driver/Src/stm32f4xx_hal_gpio.o
                0x080035e6                HAL_GPIO_TogglePin
 *fill*         0x0800361a        0x2 
 .text.HAL_GPIO_EXTI_IRQHandler
                0x0800361c       0x30 ./Drivers/STM32F4xx_HAL_Driver/Src/stm32f4xx_hal_gpio.o
                0x0800361c                HAL_GPIO_EXTI_IRQHandler
 .text.HAL_I2C_Init
                0x0800364c      0x288 ./Drivers/STM32F4xx_HAL_Driver/Src/stm32f4xx_hal_i2c.o
                0x0800364c                HAL_I2C_Init
 .text.HAL_I2C_Master_Transmit
                0x080038d4      0x1fc ./Drivers/STM32F4xx_HAL_Driver/Src/stm32f4xx_hal_i2c.o
                0x080038d4                HAL_I2C_Master_Transmit
 .text.HAL_I2C_Mem_Read
                0x08003ad0      0x464 ./Drivers/STM32F4xx_HAL_Driver/Src/stm32f4xx_hal_i2c.o
                0x08003ad0                HAL_I2C_Mem_Read
 .text.I2C_MasterRequestWrite
                0x08003f34      0x104 ./Drivers/STM32F4xx_HAL_Driver/Src/stm32f4xx_hal_i2c.o
 .text.I2C_RequestMemoryRead
                0x08004038      0x1d0 ./Drivers/STM32F4xx_HAL_Driver/Src/stm32f4xx_hal_i2c.o
 .text.I2C_WaitOnFlagUntilTimeout
                0x08004208       0xf4 ./Drivers/STM32F4xx_HAL_Driver/Src/stm32f4xx_hal_i2c.o
 .text.I2C_WaitOnMasterAddressFlagUntilTimeout
                0x080042fc      0x140 ./Drivers/STM32F4xx_HAL_Driver/Src/stm32f4xx_hal_i2c.o
 .text.I2C_WaitOnTXEFlagUntilTimeout
                0x0800443c       0x90 ./Drivers/STM32F4xx_HAL_Driver/Src/stm32f4xx_hal_i2c.o
 .text.I2C_WaitOnBTFFlagUntilTimeout
                0x080044cc       0x90 ./Drivers/STM32F4xx_HAL_Driver/Src/stm32f4xx_hal_i2c.o
 .text.I2C_WaitOnRXNEFlagUntilTimeout
                0x0800455c       0xba ./Drivers/STM32F4xx_HAL_Driver/Src/stm32f4xx_hal_i2c.o
 .text.I2C_IsAcknowledgeFailed
                0x08004616       0x5e ./Drivers/STM32F4xx_HAL_Driver/Src/stm32f4xx_hal_i2c.o
 .text.HAL_PWREx_EnableOverDrive
                0x08004674       0xa0 ./Drivers/STM32F4xx_HAL_Driver/Src/stm32f4xx_hal_pwr_ex.o
                0x08004674                HAL_PWREx_EnableOverDrive
 .text.HAL_RCC_ClockConfig
                0x08004714      0x1cc ./Drivers/STM32F4xx_HAL_Driver/Src/stm32f4xx_hal_rcc.o
                0x08004714                HAL_RCC_ClockConfig
 .text.HAL_RCC_GetHCLKFreq
                0x080048e0       0x18 ./Drivers/STM32F4xx_HAL_Driver/Src/stm32f4xx_hal_rcc.o
                0x080048e0                HAL_RCC_GetHCLKFreq
 .text.HAL_RCC_GetPCLK1Freq
                0x080048f8       0x28 ./Drivers/STM32F4xx_HAL_Driver/Src/stm32f4xx_hal_rcc.o
                0x080048f8                HAL_RCC_GetPCLK1Freq
 .text.HAL_RCC_GetPCLK2Freq
                0x08004920       0x28 ./Drivers/STM32F4xx_HAL_Driver/Src/stm32f4xx_hal_rcc.o
                0x08004920                HAL_RCC_GetPCLK2Freq
 .text.HAL_RCC_GetSysClockFreq
                0x08004948      0x460 ./Drivers/STM32F4xx_HAL_Driver/Src/stm32f4xx_hal_rcc_ex.o
                0x08004948                HAL_RCC_GetSysClockFreq
 .text.HAL_RCC_OscConfig
                0x08004da8      0x53c ./Drivers/STM32F4xx_HAL_Driver/Src/stm32f4xx_hal_rcc_ex.o
                0x08004da8                HAL_RCC_OscConfig
 .text.HAL_TIM_Base_Init
                0x080052e4       0x9e ./Drivers/STM32F4xx_HAL_Driver/Src/stm32f4xx_hal_tim.o
                0x080052e4                HAL_TIM_Base_Init
 .text.HAL_TIM_OC_Init
                0x08005382       0x9e ./Drivers/STM32F4xx_HAL_Driver/Src/stm32f4xx_hal_tim.o
                0x08005382                HAL_TIM_OC_Init
 .text.HAL_TIM_OC_MspInit
                0x08005420       0x14 ./Drivers/STM32F4xx_HAL_Driver/Src/stm32f4xx_hal_tim.o
                0x08005420                HAL_TIM_OC_MspInit
 .text.HAL_TIM_OC_Start_IT
                0x08005434      0x22c ./Drivers/STM32F4xx_HAL_Driver/Src/stm32f4xx_hal_tim.o
                0x08005434                HAL_TIM_OC_Start_IT
 .text.HAL_TIM_OC_Stop_IT
                0x08005660      0x17c ./Drivers/STM32F4xx_HAL_Driver/Src/stm32f4xx_hal_tim.o
                0x08005660                HAL_TIM_OC_Stop_IT
 .text.HAL_TIM_IRQHandler
                0x080057dc      0x1e0 ./Drivers/STM32F4xx_HAL_Driver/Src/stm32f4xx_hal_tim.o
                0x080057dc                HAL_TIM_IRQHandler
 .text.HAL_TIM_OC_ConfigChannel
                0x080059bc       0xb8 ./Drivers/STM32F4xx_HAL_Driver/Src/stm32f4xx_hal_tim.o
                0x080059bc                HAL_TIM_OC_ConfigChannel
 .text.HAL_TIM_ConfigClockSource
                0x08005a74      0x18e ./Drivers/STM32F4xx_HAL_Driver/Src/stm32f4xx_hal_tim.o
                0x08005a74                HAL_TIM_ConfigClockSource
 .text.HAL_TIM_PeriodElapsedCallback
                0x08005c02       0x14 ./Drivers/STM32F4xx_HAL_Driver/Src/stm32f4xx_hal_tim.o
                0x08005c02                HAL_TIM_PeriodElapsedCallback
 .text.HAL_TIM_IC_CaptureCallback
                0x08005c16       0x14 ./Drivers/STM32F4xx_HAL_Driver/Src/stm32f4xx_hal_tim.o
                0x08005c16                HAL_TIM_IC_CaptureCallback
 .text.HAL_TIM_PWM_PulseFinishedCallback
                0x08005c2a       0x14 ./Drivers/STM32F4xx_HAL_Driver/Src/stm32f4xx_hal_tim.o
                0x08005c2a                HAL_TIM_PWM_PulseFinishedCallback
 .text.HAL_TIM_TriggerCallback
                0x08005c3e       0x14 ./Drivers/STM32F4xx_HAL_Driver/Src/stm32f4xx_hal_tim.o
                0x08005c3e                HAL_TIM_TriggerCallback
 *fill*         0x08005c52        0x2 
 .text.TIM_Base_SetConfig
                0x08005c54      0x158 ./Drivers/STM32F4xx_HAL_Driver/Src/stm32f4xx_hal_tim.o
                0x08005c54                TIM_Base_SetConfig
 .text.TIM_OC1_SetConfig
                0x08005dac       0xe0 ./Drivers/STM32F4xx_HAL_Driver/Src/stm32f4xx_hal_tim.o
 .text.TIM_OC2_SetConfig
                0x08005e8c       0xec ./Drivers/STM32F4xx_HAL_Driver/Src/stm32f4xx_hal_tim.o
                0x08005e8c                TIM_OC2_SetConfig
 .text.TIM_OC3_SetConfig
                0x08005f78       0xe8 ./Drivers/STM32F4xx_HAL_Driver/Src/stm32f4xx_hal_tim.o
 .text.TIM_OC4_SetConfig
                0x08006060       0xac ./Drivers/STM32F4xx_HAL_Driver/Src/stm32f4xx_hal_tim.o
 .text.TIM_TI1_ConfigInputStage
                0x0800610c       0x5e ./Drivers/STM32F4xx_HAL_Driver/Src/stm32f4xx_hal_tim.o
 .text.TIM_TI2_ConfigInputStage
                0x0800616a       0x60 ./Drivers/STM32F4xx_HAL_Driver/Src/stm32f4xx_hal_tim.o
 .text.TIM_ITRx_SetConfig
                0x080061ca       0x36 ./Drivers/STM32F4xx_HAL_Driver/Src/stm32f4xx_hal_tim.o
 .text.TIM_ETR_SetConfig
                0x08006200       0x40 ./Drivers/STM32F4xx_HAL_Driver/Src/stm32f4xx_hal_tim.o
                0x08006200                TIM_ETR_SetConfig
 .text.TIM_CCxChannelCmd
                0x08006240       0x4a ./Drivers/STM32F4xx_HAL_Driver/Src/stm32f4xx_hal_tim.o
                0x08006240                TIM_CCxChannelCmd
 *fill*         0x0800628a        0x2 
 .text.HAL_TIMEx_MasterConfigSynchronization
                0x0800628c       0xf8 ./Drivers/STM32F4xx_HAL_Driver/Src/stm32f4xx_hal_tim_ex.o
                0x0800628c                HAL_TIMEx_MasterConfigSynchronization
 .text.HAL_TIMEx_CommutCallback
                0x08006384       0x14 ./Drivers/STM32F4xx_HAL_Driver/Src/stm32f4xx_hal_tim_ex.o
                0x08006384                HAL_TIMEx_CommutCallback
 .text.HAL_TIMEx_BreakCallback
                0x08006398       0x14 ./Drivers/STM32F4xx_HAL_Driver/Src/stm32f4xx_hal_tim_ex.o
                0x08006398                HAL_TIMEx_BreakCallback
 .text.HAL_UART_Init
                0x080063ac       0xa0 ./Drivers/STM32F4xx_HAL_Driver/Src/stm32f4xx_hal_uart.o
                0x080063ac                HAL_UART_Init
 .text.HAL_UART_Transmit
                0x0800644c      0x116 ./Drivers/STM32F4xx_HAL_Driver/Src/stm32f4xx_hal_uart.o
                0x0800644c                HAL_UART_Transmit
 .text.UART_WaitOnFlagUntilTimeout
                0x08006562       0xb2 ./Drivers/STM32F4xx_HAL_Driver/Src/stm32f4xx_hal_uart.o
 .text.UART_EndRxTransfer
                0x08006614       0xc6 ./Drivers/STM32F4xx_HAL_Driver/Src/stm32f4xx_hal_uart.o
 *fill*         0x080066da        0x2 
 .text.UART_SetConfig
                0x080066dc      0x4e8 ./Drivers/STM32F4xx_HAL_Driver/Src/stm32f4xx_hal_uart.o
 .text._ZdlPvj  0x08006bc4        0x4 C:/ST/STM32CubeIDE_1.17.0/STM32CubeIDE/plugins/com.st.stm32cube.ide.mcu.externaltools.gnu-tools-for-stm32.12.3.rel1.win32_1.1.0.202410251130/tools/bin/../lib/gcc/arm-none-eabi/12.3.1/../../../../arm-none-eabi/lib/thumb/v7e-m+fp/hard\libstdc++_nano.a(del_ops.o)
                0x08006bc4                operator delete(void*, unsigned int)
 .text._ZdlPv   0x08006bc8        0x4 C:/ST/STM32CubeIDE_1.17.0/STM32CubeIDE/plugins/com.st.stm32cube.ide.mcu.externaltools.gnu-tools-for-stm32.12.3.rel1.win32_1.1.0.202410251130/tools/bin/../lib/gcc/arm-none-eabi/12.3.1/../../../../arm-none-eabi/lib/thumb/v7e-m+fp/hard\libstdc++_nano.a(del_op.o)
                0x08006bc8                operator delete(void*)
 .text.malloc   0x08006bcc       0x10 C:/ST/STM32CubeIDE_1.17.0/STM32CubeIDE/plugins/com.st.stm32cube.ide.mcu.externaltools.gnu-tools-for-stm32.12.3.rel1.win32_1.1.0.202410251130/tools/bin/../lib/gcc/arm-none-eabi/12.3.1/../../../../arm-none-eabi/lib/thumb/v7e-m+fp/hard\libc_nano.a(libc_a-malloc.o)
                0x08006bcc                malloc
 .text.free     0x08006bdc       0x10 C:/ST/STM32CubeIDE_1.17.0/STM32CubeIDE/plugins/com.st.stm32cube.ide.mcu.externaltools.gnu-tools-for-stm32.12.3.rel1.win32_1.1.0.202410251130/tools/bin/../lib/gcc/arm-none-eabi/12.3.1/../../../../arm-none-eabi/lib/thumb/v7e-m+fp/hard\libc_nano.a(libc_a-malloc.o)
                0x08006bdc                free
 .text.sbrk_aligned
                0x08006bec       0x44 C:/ST/STM32CubeIDE_1.17.0/STM32CubeIDE/plugins/com.st.stm32cube.ide.mcu.externaltools.gnu-tools-for-stm32.12.3.rel1.win32_1.1.0.202410251130/tools/bin/../lib/gcc/arm-none-eabi/12.3.1/../../../../arm-none-eabi/lib/thumb/v7e-m+fp/hard\libc_nano.a(libc_a-mallocr.o)
 .text._malloc_r
                0x08006c30      0x100 C:/ST/STM32CubeIDE_1.17.0/STM32CubeIDE/plugins/com.st.stm32cube.ide.mcu.externaltools.gnu-tools-for-stm32.12.3.rel1.win32_1.1.0.202410251130/tools/bin/../lib/gcc/arm-none-eabi/12.3.1/../../../../arm-none-eabi/lib/thumb/v7e-m+fp/hard\libc_nano.a(libc_a-mallocr.o)
                0x08006c30                _malloc_r
 .text.__malloc_lock
                0x08006d30        0xc C:/ST/STM32CubeIDE_1.17.0/STM32CubeIDE/plugins/com.st.stm32cube.ide.mcu.externaltools.gnu-tools-for-stm32.12.3.rel1.win32_1.1.0.202410251130/tools/bin/../lib/gcc/arm-none-eabi/12.3.1/../../../../arm-none-eabi/lib/thumb/v7e-m+fp/hard\libc_nano.a(libc_a-mlock.o)
                0x08006d30                __malloc_lock
 .text.__malloc_unlock
                0x08006d3c        0xc C:/ST/STM32CubeIDE_1.17.0/STM32CubeIDE/plugins/com.st.stm32cube.ide.mcu.externaltools.gnu-tools-for-stm32.12.3.rel1.win32_1.1.0.202410251130/tools/bin/../lib/gcc/arm-none-eabi/12.3.1/../../../../arm-none-eabi/lib/thumb/v7e-m+fp/hard\libc_nano.a(libc_a-mlock.o)
                0x08006d3c                __malloc_unlock
 .text.__cvt    0x08006d48       0xca C:/ST/STM32CubeIDE_1.17.0/STM32CubeIDE/plugins/com.st.stm32cube.ide.mcu.externaltools.gnu-tools-for-stm32.12.3.rel1.win32_1.1.0.202410251130/tools/bin/../lib/gcc/arm-none-eabi/12.3.1/../../../../arm-none-eabi/lib/thumb/v7e-m+fp/hard\libc_nano.a(libc_a-nano-vfprintf_float.o)
                0x08006d48                __cvt
 .text.__exponent
                0x08006e12       0x74 C:/ST/STM32CubeIDE_1.17.0/STM32CubeIDE/plugins/com.st.stm32cube.ide.mcu.externaltools.gnu-tools-for-stm32.12.3.rel1.win32_1.1.0.202410251130/tools/bin/../lib/gcc/arm-none-eabi/12.3.1/../../../../arm-none-eabi/lib/thumb/v7e-m+fp/hard\libc_nano.a(libc_a-nano-vfprintf_float.o)
                0x08006e12                __exponent
 *fill*         0x08006e86        0x2 
 .text._printf_float
                0x08006e88      0x454 C:/ST/STM32CubeIDE_1.17.0/STM32CubeIDE/plugins/com.st.stm32cube.ide.mcu.externaltools.gnu-tools-for-stm32.12.3.rel1.win32_1.1.0.202410251130/tools/bin/../lib/gcc/arm-none-eabi/12.3.1/../../../../arm-none-eabi/lib/thumb/v7e-m+fp/hard\libc_nano.a(libc_a-nano-vfprintf_float.o)
                0x08006e88                _printf_float
 .text._printf_common
                0x080072dc       0xda C:/ST/STM32CubeIDE_1.17.0/STM32CubeIDE/plugins/com.st.stm32cube.ide.mcu.externaltools.gnu-tools-for-stm32.12.3.rel1.win32_1.1.0.202410251130/tools/bin/../lib/gcc/arm-none-eabi/12.3.1/../../../../arm-none-eabi/lib/thumb/v7e-m+fp/hard\libc_nano.a(libc_a-nano-vfprintf_i.o)
                0x080072dc                _printf_common
 *fill*         0x080073b6        0x2 
 .text._printf_i
                0x080073b8      0x240 C:/ST/STM32CubeIDE_1.17.0/STM32CubeIDE/plugins/com.st.stm32cube.ide.mcu.externaltools.gnu-tools-for-stm32.12.3.rel1.win32_1.1.0.202410251130/tools/bin/../lib/gcc/arm-none-eabi/12.3.1/../../../../arm-none-eabi/lib/thumb/v7e-m+fp/hard\libc_nano.a(libc_a-nano-vfprintf_i.o)
                0x080073b8                _printf_i
 .text.std      0x080075f8       0x6c C:/ST/STM32CubeIDE_1.17.0/STM32CubeIDE/plugins/com.st.stm32cube.ide.mcu.externaltools.gnu-tools-for-stm32.12.3.rel1.win32_1.1.0.202410251130/tools/bin/../lib/gcc/arm-none-eabi/12.3.1/../../../../arm-none-eabi/lib/thumb/v7e-m+fp/hard\libc_nano.a(libc_a-findfp.o)
 .text.stdio_exit_handler
                0x08007664       0x18 C:/ST/STM32CubeIDE_1.17.0/STM32CubeIDE/plugins/com.st.stm32cube.ide.mcu.externaltools.gnu-tools-for-stm32.12.3.rel1.win32_1.1.0.202410251130/tools/bin/../lib/gcc/arm-none-eabi/12.3.1/../../../../arm-none-eabi/lib/thumb/v7e-m+fp/hard\libc_nano.a(libc_a-findfp.o)
 .text.cleanup_stdio
                0x0800767c       0x40 C:/ST/STM32CubeIDE_1.17.0/STM32CubeIDE/plugins/com.st.stm32cube.ide.mcu.externaltools.gnu-tools-for-stm32.12.3.rel1.win32_1.1.0.202410251130/tools/bin/../lib/gcc/arm-none-eabi/12.3.1/../../../../arm-none-eabi/lib/thumb/v7e-m+fp/hard\libc_nano.a(libc_a-findfp.o)
 .text.global_stdio_init.part.0
                0x080076bc       0x3c C:/ST/STM32CubeIDE_1.17.0/STM32CubeIDE/plugins/com.st.stm32cube.ide.mcu.externaltools.gnu-tools-for-stm32.12.3.rel1.win32_1.1.0.202410251130/tools/bin/../lib/gcc/arm-none-eabi/12.3.1/../../../../arm-none-eabi/lib/thumb/v7e-m+fp/hard\libc_nano.a(libc_a-findfp.o)
 .text.__sfp_lock_acquire
                0x080076f8        0xc C:/ST/STM32CubeIDE_1.17.0/STM32CubeIDE/plugins/com.st.stm32cube.ide.mcu.externaltools.gnu-tools-for-stm32.12.3.rel1.win32_1.1.0.202410251130/tools/bin/../lib/gcc/arm-none-eabi/12.3.1/../../../../arm-none-eabi/lib/thumb/v7e-m+fp/hard\libc_nano.a(libc_a-findfp.o)
                0x080076f8                __sfp_lock_acquire
 .text.__sfp_lock_release
                0x08007704        0xc C:/ST/STM32CubeIDE_1.17.0/STM32CubeIDE/plugins/com.st.stm32cube.ide.mcu.externaltools.gnu-tools-for-stm32.12.3.rel1.win32_1.1.0.202410251130/tools/bin/../lib/gcc/arm-none-eabi/12.3.1/../../../../arm-none-eabi/lib/thumb/v7e-m+fp/hard\libc_nano.a(libc_a-findfp.o)
                0x08007704                __sfp_lock_release
 .text.__sinit  0x08007710       0x30 C:/ST/STM32CubeIDE_1.17.0/STM32CubeIDE/plugins/com.st.stm32cube.ide.mcu.externaltools.gnu-tools-for-stm32.12.3.rel1.win32_1.1.0.202410251130/tools/bin/../lib/gcc/arm-none-eabi/12.3.1/../../../../arm-none-eabi/lib/thumb/v7e-m+fp/hard\libc_nano.a(libc_a-findfp.o)
                0x08007710                __sinit
 .text._fwalk_sglue
                0x08007740       0x3c C:/ST/STM32CubeIDE_1.17.0/STM32CubeIDE/plugins/com.st.stm32cube.ide.mcu.externaltools.gnu-tools-for-stm32.12.3.rel1.win32_1.1.0.202410251130/tools/bin/../lib/gcc/arm-none-eabi/12.3.1/../../../../arm-none-eabi/lib/thumb/v7e-m+fp/hard\libc_nano.a(libc_a-fwalk.o)
                0x08007740                _fwalk_sglue
 .text.snprintf
                0x0800777c       0x68 C:/ST/STM32CubeIDE_1.17.0/STM32CubeIDE/plugins/com.st.stm32cube.ide.mcu.externaltools.gnu-tools-for-stm32.12.3.rel1.win32_1.1.0.202410251130/tools/bin/../lib/gcc/arm-none-eabi/12.3.1/../../../../arm-none-eabi/lib/thumb/v7e-m+fp/hard\libc_nano.a(libc_a-snprintf.o)
                0x0800777c                sniprintf
                0x0800777c                snprintf
 .text.__sread  0x080077e4       0x22 C:/ST/STM32CubeIDE_1.17.0/STM32CubeIDE/plugins/com.st.stm32cube.ide.mcu.externaltools.gnu-tools-for-stm32.12.3.rel1.win32_1.1.0.202410251130/tools/bin/../lib/gcc/arm-none-eabi/12.3.1/../../../../arm-none-eabi/lib/thumb/v7e-m+fp/hard\libc_nano.a(libc_a-stdio.o)
                0x080077e4                __sread
 .text.__swrite
                0x08007806       0x38 C:/ST/STM32CubeIDE_1.17.0/STM32CubeIDE/plugins/com.st.stm32cube.ide.mcu.externaltools.gnu-tools-for-stm32.12.3.rel1.win32_1.1.0.202410251130/tools/bin/../lib/gcc/arm-none-eabi/12.3.1/../../../../arm-none-eabi/lib/thumb/v7e-m+fp/hard\libc_nano.a(libc_a-stdio.o)
                0x08007806                __swrite
 .text.__sseek  0x0800783e       0x24 C:/ST/STM32CubeIDE_1.17.0/STM32CubeIDE/plugins/com.st.stm32cube.ide.mcu.externaltools.gnu-tools-for-stm32.12.3.rel1.win32_1.1.0.202410251130/tools/bin/../lib/gcc/arm-none-eabi/12.3.1/../../../../arm-none-eabi/lib/thumb/v7e-m+fp/hard\libc_nano.a(libc_a-stdio.o)
                0x0800783e                __sseek
 .text.__sclose
                0x08007862        0x8 C:/ST/STM32CubeIDE_1.17.0/STM32CubeIDE/plugins/com.st.stm32cube.ide.mcu.externaltools.gnu-tools-for-stm32.12.3.rel1.win32_1.1.0.202410251130/tools/bin/../lib/gcc/arm-none-eabi/12.3.1/../../../../arm-none-eabi/lib/thumb/v7e-m+fp/hard\libc_nano.a(libc_a-stdio.o)
                0x08007862                __sclose
 .text.memset   0x0800786a       0x10 C:/ST/STM32CubeIDE_1.17.0/STM32CubeIDE/plugins/com.st.stm32cube.ide.mcu.externaltools.gnu-tools-for-stm32.12.3.rel1.win32_1.1.0.202410251130/tools/bin/../lib/gcc/arm-none-eabi/12.3.1/../../../../arm-none-eabi/lib/thumb/v7e-m+fp/hard\libc_nano.a(libc_a-memset.o)
                0x0800786a                memset
 *fill*         0x0800787a        0x2 
 .text._localeconv_r
                0x0800787c        0x8 C:/ST/STM32CubeIDE_1.17.0/STM32CubeIDE/plugins/com.st.stm32cube.ide.mcu.externaltools.gnu-tools-for-stm32.12.3.rel1.win32_1.1.0.202410251130/tools/bin/../lib/gcc/arm-none-eabi/12.3.1/../../../../arm-none-eabi/lib/thumb/v7e-m+fp/hard\libc_nano.a(libc_a-localeconv.o)
                0x0800787c                _localeconv_r
 .text._close_r
                0x08007884       0x20 C:/ST/STM32CubeIDE_1.17.0/STM32CubeIDE/plugins/com.st.stm32cube.ide.mcu.externaltools.gnu-tools-for-stm32.12.3.rel1.win32_1.1.0.202410251130/tools/bin/../lib/gcc/arm-none-eabi/12.3.1/../../../../arm-none-eabi/lib/thumb/v7e-m+fp/hard\libc_nano.a(libc_a-closer.o)
                0x08007884                _close_r
 .text._lseek_r
                0x080078a4       0x24 C:/ST/STM32CubeIDE_1.17.0/STM32CubeIDE/plugins/com.st.stm32cube.ide.mcu.externaltools.gnu-tools-for-stm32.12.3.rel1.win32_1.1.0.202410251130/tools/bin/../lib/gcc/arm-none-eabi/12.3.1/../../../../arm-none-eabi/lib/thumb/v7e-m+fp/hard\libc_nano.a(libc_a-lseekr.o)
                0x080078a4                _lseek_r
 .text._read_r  0x080078c8       0x24 C:/ST/STM32CubeIDE_1.17.0/STM32CubeIDE/plugins/com.st.stm32cube.ide.mcu.externaltools.gnu-tools-for-stm32.12.3.rel1.win32_1.1.0.202410251130/tools/bin/../lib/gcc/arm-none-eabi/12.3.1/../../../../arm-none-eabi/lib/thumb/v7e-m+fp/hard\libc_nano.a(libc_a-readr.o)
                0x080078c8                _read_r
 .text._sbrk_r  0x080078ec       0x20 C:/ST/STM32CubeIDE_1.17.0/STM32CubeIDE/plugins/com.st.stm32cube.ide.mcu.externaltools.gnu-tools-for-stm32.12.3.rel1.win32_1.1.0.202410251130/tools/bin/../lib/gcc/arm-none-eabi/12.3.1/../../../../arm-none-eabi/lib/thumb/v7e-m+fp/hard\libc_nano.a(libc_a-sbrkr.o)
                0x080078ec                _sbrk_r
 .text._write_r
                0x0800790c       0x24 C:/ST/STM32CubeIDE_1.17.0/STM32CubeIDE/plugins/com.st.stm32cube.ide.mcu.externaltools.gnu-tools-for-stm32.12.3.rel1.win32_1.1.0.202410251130/tools/bin/../lib/gcc/arm-none-eabi/12.3.1/../../../../arm-none-eabi/lib/thumb/v7e-m+fp/hard\libc_nano.a(libc_a-writer.o)
                0x0800790c                _write_r
 .text.__errno  0x08007930        0xc C:/ST/STM32CubeIDE_1.17.0/STM32CubeIDE/plugins/com.st.stm32cube.ide.mcu.externaltools.gnu-tools-for-stm32.12.3.rel1.win32_1.1.0.202410251130/tools/bin/../lib/gcc/arm-none-eabi/12.3.1/../../../../arm-none-eabi/lib/thumb/v7e-m+fp/hard\libc_nano.a(libc_a-errno.o)
                0x08007930                __errno
 .text.__libc_init_array
                0x0800793c       0x48 C:/ST/STM32CubeIDE_1.17.0/STM32CubeIDE/plugins/com.st.stm32cube.ide.mcu.externaltools.gnu-tools-for-stm32.12.3.rel1.win32_1.1.0.202410251130/tools/bin/../lib/gcc/arm-none-eabi/12.3.1/../../../../arm-none-eabi/lib/thumb/v7e-m+fp/hard\libc_nano.a(libc_a-init.o)
                0x0800793c                __libc_init_array
 .text.__retarget_lock_init_recursive
                0x08007984        0x2 C:/ST/STM32CubeIDE_1.17.0/STM32CubeIDE/plugins/com.st.stm32cube.ide.mcu.externaltools.gnu-tools-for-stm32.12.3.rel1.win32_1.1.0.202410251130/tools/bin/../lib/gcc/arm-none-eabi/12.3.1/../../../../arm-none-eabi/lib/thumb/v7e-m+fp/hard\libc_nano.a(libc_a-lock.o)
                0x08007984                __retarget_lock_init_recursive
 .text.__retarget_lock_acquire_recursive
                0x08007986        0x2 C:/ST/STM32CubeIDE_1.17.0/STM32CubeIDE/plugins/com.st.stm32cube.ide.mcu.externaltools.gnu-tools-for-stm32.12.3.rel1.win32_1.1.0.202410251130/tools/bin/../lib/gcc/arm-none-eabi/12.3.1/../../../../arm-none-eabi/lib/thumb/v7e-m+fp/hard\libc_nano.a(libc_a-lock.o)
                0x08007986                __retarget_lock_acquire_recursive
 .text.__retarget_lock_release_recursive
                0x08007988        0x2 C:/ST/STM32CubeIDE_1.17.0/STM32CubeIDE/plugins/com.st.stm32cube.ide.mcu.externaltools.gnu-tools-for-stm32.12.3.rel1.win32_1.1.0.202410251130/tools/bin/../lib/gcc/arm-none-eabi/12.3.1/../../../../arm-none-eabi/lib/thumb/v7e-m+fp/hard\libc_nano.a(libc_a-lock.o)
                0x08007988                __retarget_lock_release_recursive
 .text.quorem   0x0800798a      0x110 C:/ST/STM32CubeIDE_1.17.0/STM32CubeIDE/plugins/com.st.stm32cube.ide.mcu.externaltools.gnu-tools-for-stm32.12.3.rel1.win32_1.1.0.202410251130/tools/bin/../lib/gcc/arm-none-eabi/12.3.1/../../../../arm-none-eabi/lib/thumb/v7e-m+fp/hard\libc_nano.a(libc_a-dtoa.o)
 *fill*         0x08007a9a        0x6 
 .text._dtoa_r  0x08007aa0      0xb88 C:/ST/STM32CubeIDE_1.17.0/STM32CubeIDE/plugins/com.st.stm32cube.ide.mcu.externaltools.gnu-tools-for-stm32.12.3.rel1.win32_1.1.0.202410251130/tools/bin/../lib/gcc/arm-none-eabi/12.3.1/../../../../arm-none-eabi/lib/thumb/v7e-m+fp/hard\libc_nano.a(libc_a-dtoa.o)
                0x08007aa0                _dtoa_r
 .text._free_r  0x08008628       0x94 C:/ST/STM32CubeIDE_1.17.0/STM32CubeIDE/plugins/com.st.stm32cube.ide.mcu.externaltools.gnu-tools-for-stm32.12.3.rel1.win32_1.1.0.202410251130/tools/bin/../lib/gcc/arm-none-eabi/12.3.1/../../../../arm-none-eabi/lib/thumb/v7e-m+fp/hard\libc_nano.a(libc_a-freer.o)
                0x08008628                _free_r
 .text._Balloc  0x080086bc       0x80 C:/ST/STM32CubeIDE_1.17.0/STM32CubeIDE/plugins/com.st.stm32cube.ide.mcu.externaltools.gnu-tools-for-stm32.12.3.rel1.win32_1.1.0.202410251130/tools/bin/../lib/gcc/arm-none-eabi/12.3.1/../../../../arm-none-eabi/lib/thumb/v7e-m+fp/hard\libc_nano.a(libc_a-mprec.o)
                0x080086bc                _Balloc
 .text._Bfree   0x0800873c       0x44 C:/ST/STM32CubeIDE_1.17.0/STM32CubeIDE/plugins/com.st.stm32cube.ide.mcu.externaltools.gnu-tools-for-stm32.12.3.rel1.win32_1.1.0.202410251130/tools/bin/../lib/gcc/arm-none-eabi/12.3.1/../../../../arm-none-eabi/lib/thumb/v7e-m+fp/hard\libc_nano.a(libc_a-mprec.o)
                0x0800873c                _Bfree
 .text.__multadd
                0x08008780       0x8c C:/ST/STM32CubeIDE_1.17.0/STM32CubeIDE/plugins/com.st.stm32cube.ide.mcu.externaltools.gnu-tools-for-stm32.12.3.rel1.win32_1.1.0.202410251130/tools/bin/../lib/gcc/arm-none-eabi/12.3.1/../../../../arm-none-eabi/lib/thumb/v7e-m+fp/hard\libc_nano.a(libc_a-mprec.o)
                0x08008780                __multadd
 .text.__hi0bits
                0x0800880c       0x3e C:/ST/STM32CubeIDE_1.17.0/STM32CubeIDE/plugins/com.st.stm32cube.ide.mcu.externaltools.gnu-tools-for-stm32.12.3.rel1.win32_1.1.0.202410251130/tools/bin/../lib/gcc/arm-none-eabi/12.3.1/../../../../arm-none-eabi/lib/thumb/v7e-m+fp/hard\libc_nano.a(libc_a-mprec.o)
                0x0800880c                __hi0bits
 .text.__lo0bits
                0x0800884a       0x5a C:/ST/STM32CubeIDE_1.17.0/STM32CubeIDE/plugins/com.st.stm32cube.ide.mcu.externaltools.gnu-tools-for-stm32.12.3.rel1.win32_1.1.0.202410251130/tools/bin/../lib/gcc/arm-none-eabi/12.3.1/../../../../arm-none-eabi/lib/thumb/v7e-m+fp/hard\libc_nano.a(libc_a-mprec.o)
                0x0800884a                __lo0bits
 .text.__i2b    0x080088a4       0x2c C:/ST/STM32CubeIDE_1.17.0/STM32CubeIDE/plugins/com.st.stm32cube.ide.mcu.externaltools.gnu-tools-for-stm32.12.3.rel1.win32_1.1.0.202410251130/tools/bin/../lib/gcc/arm-none-eabi/12.3.1/../../../../arm-none-eabi/lib/thumb/v7e-m+fp/hard\libc_nano.a(libc_a-mprec.o)
                0x080088a4                __i2b
 .text.__multiply
                0x080088d0      0x154 C:/ST/STM32CubeIDE_1.17.0/STM32CubeIDE/plugins/com.st.stm32cube.ide.mcu.externaltools.gnu-tools-for-stm32.12.3.rel1.win32_1.1.0.202410251130/tools/bin/../lib/gcc/arm-none-eabi/12.3.1/../../../../arm-none-eabi/lib/thumb/v7e-m+fp/hard\libc_nano.a(libc_a-mprec.o)
                0x080088d0                __multiply
 .text.__pow5mult
                0x08008a24       0xb4 C:/ST/STM32CubeIDE_1.17.0/STM32CubeIDE/plugins/com.st.stm32cube.ide.mcu.externaltools.gnu-tools-for-stm32.12.3.rel1.win32_1.1.0.202410251130/tools/bin/../lib/gcc/arm-none-eabi/12.3.1/../../../../arm-none-eabi/lib/thumb/v7e-m+fp/hard\libc_nano.a(libc_a-mprec.o)
                0x08008a24                __pow5mult
 .text.__lshift
                0x08008ad8       0xd8 C:/ST/STM32CubeIDE_1.17.0/STM32CubeIDE/plugins/com.st.stm32cube.ide.mcu.externaltools.gnu-tools-for-stm32.12.3.rel1.win32_1.1.0.202410251130/tools/bin/../lib/gcc/arm-none-eabi/12.3.1/../../../../arm-none-eabi/lib/thumb/v7e-m+fp/hard\libc_nano.a(libc_a-mprec.o)
                0x08008ad8                __lshift
 .text.__mcmp   0x08008bb0       0x36 C:/ST/STM32CubeIDE_1.17.0/STM32CubeIDE/plugins/com.st.stm32cube.ide.mcu.externaltools.gnu-tools-for-stm32.12.3.rel1.win32_1.1.0.202410251130/tools/bin/../lib/gcc/arm-none-eabi/12.3.1/../../../../arm-none-eabi/lib/thumb/v7e-m+fp/hard\libc_nano.a(libc_a-mprec.o)
                0x08008bb0                __mcmp
 *fill*         0x08008be6        0x2 
 .text.__mdiff  0x08008be8      0x128 C:/ST/STM32CubeIDE_1.17.0/STM32CubeIDE/plugins/com.st.stm32cube.ide.mcu.externaltools.gnu-tools-for-stm32.12.3.rel1.win32_1.1.0.202410251130/tools/bin/../lib/gcc/arm-none-eabi/12.3.1/../../../../arm-none-eabi/lib/thumb/v7e-m+fp/hard\libc_nano.a(libc_a-mprec.o)
                0x08008be8                __mdiff
 .text.__d2b    0x08008d10       0xb0 C:/ST/STM32CubeIDE_1.17.0/STM32CubeIDE/plugins/com.st.stm32cube.ide.mcu.externaltools.gnu-tools-for-stm32.12.3.rel1.win32_1.1.0.202410251130/tools/bin/../lib/gcc/arm-none-eabi/12.3.1/../../../../arm-none-eabi/lib/thumb/v7e-m+fp/hard\libc_nano.a(libc_a-mprec.o)
                0x08008d10                __d2b
 .text.__ssputs_r
                0x08008dc0       0xb6 C:/ST/STM32CubeIDE_1.17.0/STM32CubeIDE/plugins/com.st.stm32cube.ide.mcu.externaltools.gnu-tools-for-stm32.12.3.rel1.win32_1.1.0.202410251130/tools/bin/../lib/gcc/arm-none-eabi/12.3.1/../../../../arm-none-eabi/lib/thumb/v7e-m+fp/hard\libc_nano.a(libc_a-nano-svfprintf.o)
                0x08008dc0                __ssputs_r
 *fill*         0x08008e76        0x2 
 .text._svfprintf_r
                0x08008e78      0x1f8 C:/ST/STM32CubeIDE_1.17.0/STM32CubeIDE/plugins/com.st.stm32cube.ide.mcu.externaltools.gnu-tools-for-stm32.12.3.rel1.win32_1.1.0.202410251130/tools/bin/../lib/gcc/arm-none-eabi/12.3.1/../../../../arm-none-eabi/lib/thumb/v7e-m+fp/hard\libc_nano.a(libc_a-nano-svfprintf.o)
                0x08008e78                _svfiprintf_r
                0x08008e78                _svfprintf_r
 .text.__sflush_r
                0x08009070      0x108 C:/ST/STM32CubeIDE_1.17.0/STM32CubeIDE/plugins/com.st.stm32cube.ide.mcu.externaltools.gnu-tools-for-stm32.12.3.rel1.win32_1.1.0.202410251130/tools/bin/../lib/gcc/arm-none-eabi/12.3.1/../../../../arm-none-eabi/lib/thumb/v7e-m+fp/hard\libc_nano.a(libc_a-fflush.o)
                0x08009070                __sflush_r
 .text._fflush_r
                0x08009178       0x50 C:/ST/STM32CubeIDE_1.17.0/STM32CubeIDE/plugins/com.st.stm32cube.ide.mcu.externaltools.gnu-tools-for-stm32.12.3.rel1.win32_1.1.0.202410251130/tools/bin/../lib/gcc/arm-none-eabi/12.3.1/../../../../arm-none-eabi/lib/thumb/v7e-m+fp/hard\libc_nano.a(libc_a-fflush.o)
                0x08009178                _fflush_r
 .text.memmove  0x080091c8       0x34 C:/ST/STM32CubeIDE_1.17.0/STM32CubeIDE/plugins/com.st.stm32cube.ide.mcu.externaltools.gnu-tools-for-stm32.12.3.rel1.win32_1.1.0.202410251130/tools/bin/../lib/gcc/arm-none-eabi/12.3.1/../../../../arm-none-eabi/lib/thumb/v7e-m+fp/hard\libc_nano.a(libc_a-memmove.o)
                0x080091c8                memmove
 .text.memcpy   0x080091fc       0x1c C:/ST/STM32CubeIDE_1.17.0/STM32CubeIDE/plugins/com.st.stm32cube.ide.mcu.externaltools.gnu-tools-for-stm32.12.3.rel1.win32_1.1.0.202410251130/tools/bin/../lib/gcc/arm-none-eabi/12.3.1/../../../../arm-none-eabi/lib/thumb/v7e-m+fp/hard\libc_nano.a(libc_a-memcpy-stub.o)
                0x080091fc                memcpy
 .text.__assert_func
                0x08009218       0x3c C:/ST/STM32CubeIDE_1.17.0/STM32CubeIDE/plugins/com.st.stm32cube.ide.mcu.externaltools.gnu-tools-for-stm32.12.3.rel1.win32_1.1.0.202410251130/tools/bin/../lib/gcc/arm-none-eabi/12.3.1/../../../../arm-none-eabi/lib/thumb/v7e-m+fp/hard\libc_nano.a(libc_a-assert.o)
                0x08009218                __assert_func
 .text._calloc_r
                0x08009254       0x28 C:/ST/STM32CubeIDE_1.17.0/STM32CubeIDE/plugins/com.st.stm32cube.ide.mcu.externaltools.gnu-tools-for-stm32.12.3.rel1.win32_1.1.0.202410251130/tools/bin/../lib/gcc/arm-none-eabi/12.3.1/../../../../arm-none-eabi/lib/thumb/v7e-m+fp/hard\libc_nano.a(libc_a-callocr.o)
                0x08009254                _calloc_r
 .text.__ascii_mbtowc
                0x0800927c       0x24 C:/ST/STM32CubeIDE_1.17.0/STM32CubeIDE/plugins/com.st.stm32cube.ide.mcu.externaltools.gnu-tools-for-stm32.12.3.rel1.win32_1.1.0.202410251130/tools/bin/../lib/gcc/arm-none-eabi/12.3.1/../../../../arm-none-eabi/lib/thumb/v7e-m+fp/hard\libc_nano.a(libc_a-mbtowc_r.o)
                0x0800927c                __ascii_mbtowc
 .text._realloc_r
                0x080092a0       0x5c C:/ST/STM32CubeIDE_1.17.0/STM32CubeIDE/plugins/com.st.stm32cube.ide.mcu.externaltools.gnu-tools-for-stm32.12.3.rel1.win32_1.1.0.202410251130/tools/bin/../lib/gcc/arm-none-eabi/12.3.1/../../../../arm-none-eabi/lib/thumb/v7e-m+fp/hard\libc_nano.a(libc_a-reallocr.o)
                0x080092a0                _realloc_r
 .text.__ascii_wctomb
                0x080092fc       0x1a C:/ST/STM32CubeIDE_1.17.0/STM32CubeIDE/plugins/com.st.stm32cube.ide.mcu.externaltools.gnu-tools-for-stm32.12.3.rel1.win32_1.1.0.202410251130/tools/bin/../lib/gcc/arm-none-eabi/12.3.1/../../../../arm-none-eabi/lib/thumb/v7e-m+fp/hard\libc_nano.a(libc_a-wctomb_r.o)
                0x080092fc                __ascii_wctomb
 *fill*         0x08009316        0x2 
 .text.fprintf  0x08009318       0x24 C:/ST/STM32CubeIDE_1.17.0/STM32CubeIDE/plugins/com.st.stm32cube.ide.mcu.externaltools.gnu-tools-for-stm32.12.3.rel1.win32_1.1.0.202410251130/tools/bin/../lib/gcc/arm-none-eabi/12.3.1/../../../../arm-none-eabi/lib/thumb/v7e-m+fp/hard\libc_nano.a(libc_a-fprintf.o)
                0x08009318                fiprintf
                0x08009318                fprintf
 .text.abort    0x0800933c        0xe C:/ST/STM32CubeIDE_1.17.0/STM32CubeIDE/plugins/com.st.stm32cube.ide.mcu.externaltools.gnu-tools-for-stm32.12.3.rel1.win32_1.1.0.202410251130/tools/bin/../lib/gcc/arm-none-eabi/12.3.1/../../../../arm-none-eabi/lib/thumb/v7e-m+fp/hard\libc_nano.a(libc_a-abort.o)
                0x0800933c                abort
 .text._malloc_usable_size_r
                0x0800934a       0x10 C:/ST/STM32CubeIDE_1.17.0/STM32CubeIDE/plugins/com.st.stm32cube.ide.mcu.externaltools.gnu-tools-for-stm32.12.3.rel1.win32_1.1.0.202410251130/tools/bin/../lib/gcc/arm-none-eabi/12.3.1/../../../../arm-none-eabi/lib/thumb/v7e-m+fp/hard\libc_nano.a(libc_a-msizer.o)
                0x0800934a                _malloc_usable_size_r
 .text.__sfputc_r
                0x0800935a       0x2e C:/ST/STM32CubeIDE_1.17.0/STM32CubeIDE/plugins/com.st.stm32cube.ide.mcu.externaltools.gnu-tools-for-stm32.12.3.rel1.win32_1.1.0.202410251130/tools/bin/../lib/gcc/arm-none-eabi/12.3.1/../../../../arm-none-eabi/lib/thumb/v7e-m+fp/hard\libc_nano.a(libc_a-nano-vfprintf.o)
 .text.__sfputs_r
                0x08009388       0x24 C:/ST/STM32CubeIDE_1.17.0/STM32CubeIDE/plugins/com.st.stm32cube.ide.mcu.externaltools.gnu-tools-for-stm32.12.3.rel1.win32_1.1.0.202410251130/tools/bin/../lib/gcc/arm-none-eabi/12.3.1/../../../../arm-none-eabi/lib/thumb/v7e-m+fp/hard\libc_nano.a(libc_a-nano-vfprintf.o)
                0x08009388                __sfputs_r
 .text._vfprintf_r
                0x080093ac      0x230 C:/ST/STM32CubeIDE_1.17.0/STM32CubeIDE/plugins/com.st.stm32cube.ide.mcu.externaltools.gnu-tools-for-stm32.12.3.rel1.win32_1.1.0.202410251130/tools/bin/../lib/gcc/arm-none-eabi/12.3.1/../../../../arm-none-eabi/lib/thumb/v7e-m+fp/hard\libc_nano.a(libc_a-nano-vfprintf.o)
                0x080093ac                _vfprintf_r
                0x080093ac                _vfiprintf_r
 .text.__swbuf_r
                0x080095dc       0x7c C:/ST/STM32CubeIDE_1.17.0/STM32CubeIDE/plugins/com.st.stm32cube.ide.mcu.externaltools.gnu-tools-for-stm32.12.3.rel1.win32_1.1.0.202410251130/tools/bin/../lib/gcc/arm-none-eabi/12.3.1/../../../../arm-none-eabi/lib/thumb/v7e-m+fp/hard\libc_nano.a(libc_a-wbuf.o)
                0x080095dc                __swbuf_r
 .text.__swsetup_r
                0x08009658       0xac C:/ST/STM32CubeIDE_1.17.0/STM32CubeIDE/plugins/com.st.stm32cube.ide.mcu.externaltools.gnu-tools-for-stm32.12.3.rel1.win32_1.1.0.202410251130/tools/bin/../lib/gcc/arm-none-eabi/12.3.1/../../../../arm-none-eabi/lib/thumb/v7e-m+fp/hard\libc_nano.a(libc_a-wsetup.o)
                0x08009658                __swsetup_r
 .text._raise_r
                0x08009704       0x50 C:/ST/STM32CubeIDE_1.17.0/STM32CubeIDE/plugins/com.st.stm32cube.ide.mcu.externaltools.gnu-tools-for-stm32.12.3.rel1.win32_1.1.0.202410251130/tools/bin/../lib/gcc/arm-none-eabi/12.3.1/../../../../arm-none-eabi/lib/thumb/v7e-m+fp/hard\libc_nano.a(libc_a-signal.o)
                0x08009704                _raise_r
 .text.raise    0x08009754       0x10 C:/ST/STM32CubeIDE_1.17.0/STM32CubeIDE/plugins/com.st.stm32cube.ide.mcu.externaltools.gnu-tools-for-stm32.12.3.rel1.win32_1.1.0.202410251130/tools/bin/../lib/gcc/arm-none-eabi/12.3.1/../../../../arm-none-eabi/lib/thumb/v7e-m+fp/hard\libc_nano.a(libc_a-signal.o)
                0x08009754                raise
 .text._kill_r  0x08009764       0x24 C:/ST/STM32CubeIDE_1.17.0/STM32CubeIDE/plugins/com.st.stm32cube.ide.mcu.externaltools.gnu-tools-for-stm32.12.3.rel1.win32_1.1.0.202410251130/tools/bin/../lib/gcc/arm-none-eabi/12.3.1/../../../../arm-none-eabi/lib/thumb/v7e-m+fp/hard\libc_nano.a(libc_a-signalr.o)
                0x08009764                _kill_r
 .text._getpid_r
                0x08009788        0x4 C:/ST/STM32CubeIDE_1.17.0/STM32CubeIDE/plugins/com.st.stm32cube.ide.mcu.externaltools.gnu-tools-for-stm32.12.3.rel1.win32_1.1.0.202410251130/tools/bin/../lib/gcc/arm-none-eabi/12.3.1/../../../../arm-none-eabi/lib/thumb/v7e-m+fp/hard\libc_nano.a(libc_a-signalr.o)
                0x08009788                _getpid_r
 .text.__swhatbuf_r
                0x0800978c       0x4c C:/ST/STM32CubeIDE_1.17.0/STM32CubeIDE/plugins/com.st.stm32cube.ide.mcu.externaltools.gnu-tools-for-stm32.12.3.rel1.win32_1.1.0.202410251130/tools/bin/../lib/gcc/arm-none-eabi/12.3.1/../../../../arm-none-eabi/lib/thumb/v7e-m+fp/hard\libc_nano.a(libc_a-makebuf.o)
                0x0800978c                __swhatbuf_r
 .text.__smakebuf_r
                0x080097d8       0x78 C:/ST/STM32CubeIDE_1.17.0/STM32CubeIDE/plugins/com.st.stm32cube.ide.mcu.externaltools.gnu-tools-for-stm32.12.3.rel1.win32_1.1.0.202410251130/tools/bin/../lib/gcc/arm-none-eabi/12.3.1/../../../../arm-none-eabi/lib/thumb/v7e-m+fp/hard\libc_nano.a(libc_a-makebuf.o)
                0x080097d8                __smakebuf_r
 .text._fstat_r
                0x08009850       0x24 C:/ST/STM32CubeIDE_1.17.0/STM32CubeIDE/plugins/com.st.stm32cube.ide.mcu.externaltools.gnu-tools-for-stm32.12.3.rel1.win32_1.1.0.202410251130/tools/bin/../lib/gcc/arm-none-eabi/12.3.1/../../../../arm-none-eabi/lib/thumb/v7e-m+fp/hard\libc_nano.a(libc_a-fstatr.o)
                0x08009850                _fstat_r
 .text._isatty_r
                0x08009874       0x20 C:/ST/STM32CubeIDE_1.17.0/STM32CubeIDE/plugins/com.st.stm32cube.ide.mcu.externaltools.gnu-tools-for-stm32.12.3.rel1.win32_1.1.0.202410251130/tools/bin/../lib/gcc/arm-none-eabi/12.3.1/../../../../arm-none-eabi/lib/thumb/v7e-m+fp/hard\libc_nano.a(libc_a-isattyr.o)
                0x08009874                _isatty_r
 *(.glue_7)
 .glue_7        0x08009894        0x0 linker stubs
 *(.glue_7t)
 .glue_7t       0x08009894        0x0 linker stubs
 *(.eh_frame)
 .eh_frame      0x08009894        0x0 C:/ST/STM32CubeIDE_1.17.0/STM32CubeIDE/plugins/com.st.stm32cube.ide.mcu.externaltools.gnu-tools-for-stm32.12.3.rel1.win32_1.1.0.202410251130/tools/bin/../lib/gcc/arm-none-eabi/12.3.1/thumb/v7e-m+fp/hard/crtbegin.o
 *(.init)
 .init          0x08009894        0x4 C:/ST/STM32CubeIDE_1.17.0/STM32CubeIDE/plugins/com.st.stm32cube.ide.mcu.externaltools.gnu-tools-for-stm32.12.3.rel1.win32_1.1.0.202410251130/tools/bin/../lib/gcc/arm-none-eabi/12.3.1/thumb/v7e-m+fp/hard/crti.o
                0x08009894                _init
 .init          0x08009898        0x8 C:/ST/STM32CubeIDE_1.17.0/STM32CubeIDE/plugins/com.st.stm32cube.ide.mcu.externaltools.gnu-tools-for-stm32.12.3.rel1.win32_1.1.0.202410251130/tools/bin/../lib/gcc/arm-none-eabi/12.3.1/thumb/v7e-m+fp/hard/crtn.o
 *(.fini)
 .fini          0x080098a0        0x4 C:/ST/STM32CubeIDE_1.17.0/STM32CubeIDE/plugins/com.st.stm32cube.ide.mcu.externaltools.gnu-tools-for-stm32.12.3.rel1.win32_1.1.0.202410251130/tools/bin/../lib/gcc/arm-none-eabi/12.3.1/thumb/v7e-m+fp/hard/crti.o
                0x080098a0                _fini
 .fini          0x080098a4        0x8 C:/ST/STM32CubeIDE_1.17.0/STM32CubeIDE/plugins/com.st.stm32cube.ide.mcu.externaltools.gnu-tools-for-stm32.12.3.rel1.win32_1.1.0.202410251130/tools/bin/../lib/gcc/arm-none-eabi/12.3.1/thumb/v7e-m+fp/hard/crtn.o
                0x080098ac                        . = ALIGN (0x4)
                0x080098ac                        _etext = .

.vfp11_veneer   0x080098ac        0x0
 .vfp11_veneer  0x080098ac        0x0 linker stubs

.v4_bx          0x080098ac        0x0
 .v4_bx         0x080098ac        0x0 linker stubs

.iplt           0x080098ac        0x0
 .iplt          0x080098ac        0x0 C:/ST/STM32CubeIDE_1.17.0/STM32CubeIDE/plugins/com.st.stm32cube.ide.mcu.externaltools.gnu-tools-for-stm32.12.3.rel1.win32_1.1.0.202410251130/tools/bin/../lib/gcc/arm-none-eabi/12.3.1/thumb/v7e-m+fp/hard/crtbegin.o

.rodata         0x080098b0      0x4c0
                0x080098b0                        . = ALIGN (0x4)
 *(.rodata)
 .rodata        0x080098b0       0x57 ./Core/Src/MTi.o
 *fill*         0x08009907        0x1 
 .rodata        0x08009908       0x9b ./Core/Src/stepperControl.o
 *(.rodata*)
 *fill*         0x080099a3        0x1 
 .rodata._ZTV5Timer
                0x080099a4        0xc ./Core/Src/Timer.o
                0x080099a4                vtable for Timer
 .rodata._ZTV17TimerArrayControl
                0x080099b0       0x14 ./Core/Src/TimerArrayControl.o
                0x080099b0                vtable for TimerArrayControl
 .rodata._ZTV13CallbackChainI35TIM_OC_DelayElapsed_CallbackChainIDJP17TIM_HandleTypeDefEE
                0x080099c4       0x14 ./Core/Src/TimerArrayControl.o
                0x080099c4                vtable for CallbackChain<TIM_OC_DelayElapsed_CallbackChainID, TIM_HandleTypeDef*>
 .rodata._ZTV12ContextTimerI12StepperMotorE
                0x080099d8        0xc ./Core/Src/stepperControl.o
                0x080099d8                vtable for ContextTimer<StepperMotor>
 .rodata.AHBPrescTable
                0x080099e4       0x10 ./Core/Src/system_stm32f4xx.o
                0x080099e4                AHBPrescTable
 .rodata.APBPrescTable
                0x080099f4        0x8 ./Core/Src/system_stm32f4xx.o
                0x080099f4                APBPrescTable
 .rodata._printf_float.str1.1
                0x080099fc       0x12 C:/ST/STM32CubeIDE_1.17.0/STM32CubeIDE/plugins/com.st.stm32cube.ide.mcu.externaltools.gnu-tools-for-stm32.12.3.rel1.win32_1.1.0.202410251130/tools/bin/../lib/gcc/arm-none-eabi/12.3.1/../../../../arm-none-eabi/lib/thumb/v7e-m+fp/hard\libc_nano.a(libc_a-nano-vfprintf_float.o)
 .rodata._printf_i.str1.1
                0x08009a0e       0x22 C:/ST/STM32CubeIDE_1.17.0/STM32CubeIDE/plugins/com.st.stm32cube.ide.mcu.externaltools.gnu-tools-for-stm32.12.3.rel1.win32_1.1.0.202410251130/tools/bin/../lib/gcc/arm-none-eabi/12.3.1/../../../../arm-none-eabi/lib/thumb/v7e-m+fp/hard\libc_nano.a(libc_a-nano-vfprintf_i.o)
 .rodata._dtoa_r.str1.1
                0x08009a30       0x8d C:/ST/STM32CubeIDE_1.17.0/STM32CubeIDE/plugins/com.st.stm32cube.ide.mcu.externaltools.gnu-tools-for-stm32.12.3.rel1.win32_1.1.0.202410251130/tools/bin/../lib/gcc/arm-none-eabi/12.3.1/../../../../arm-none-eabi/lib/thumb/v7e-m+fp/hard\libc_nano.a(libc_a-dtoa.o)
                                 0x8f (size before relaxing)
 .rodata._Balloc.str1.1
                0x08009abd       0x59 C:/ST/STM32CubeIDE_1.17.0/STM32CubeIDE/plugins/com.st.stm32cube.ide.mcu.externaltools.gnu-tools-for-stm32.12.3.rel1.win32_1.1.0.202410251130/tools/bin/../lib/gcc/arm-none-eabi/12.3.1/../../../../arm-none-eabi/lib/thumb/v7e-m+fp/hard\libc_nano.a(libc_a-mprec.o)
                                 0x70 (size before relaxing)
 .rodata.__multadd.str1.1
                0x08009b16       0x11 C:/ST/STM32CubeIDE_1.17.0/STM32CubeIDE/plugins/com.st.stm32cube.ide.mcu.externaltools.gnu-tools-for-stm32.12.3.rel1.win32_1.1.0.202410251130/tools/bin/../lib/gcc/arm-none-eabi/12.3.1/../../../../arm-none-eabi/lib/thumb/v7e-m+fp/hard\libc_nano.a(libc_a-mprec.o)
 *fill*         0x08009b16        0x2 
 .rodata.p05.0  0x08009b18        0xc C:/ST/STM32CubeIDE_1.17.0/STM32CubeIDE/plugins/com.st.stm32cube.ide.mcu.externaltools.gnu-tools-for-stm32.12.3.rel1.win32_1.1.0.202410251130/tools/bin/../lib/gcc/arm-none-eabi/12.3.1/../../../../arm-none-eabi/lib/thumb/v7e-m+fp/hard\libc_nano.a(libc_a-mprec.o)
 *fill*         0x08009b24        0x4 
 .rodata.__mprec_bigtens
                0x08009b28       0x28 C:/ST/STM32CubeIDE_1.17.0/STM32CubeIDE/plugins/com.st.stm32cube.ide.mcu.externaltools.gnu-tools-for-stm32.12.3.rel1.win32_1.1.0.202410251130/tools/bin/../lib/gcc/arm-none-eabi/12.3.1/../../../../arm-none-eabi/lib/thumb/v7e-m+fp/hard\libc_nano.a(libc_a-mprec.o)
                0x08009b28                __mprec_bigtens
 .rodata.__mprec_tens
                0x08009b50       0xc8 C:/ST/STM32CubeIDE_1.17.0/STM32CubeIDE/plugins/com.st.stm32cube.ide.mcu.externaltools.gnu-tools-for-stm32.12.3.rel1.win32_1.1.0.202410251130/tools/bin/../lib/gcc/arm-none-eabi/12.3.1/../../../../arm-none-eabi/lib/thumb/v7e-m+fp/hard\libc_nano.a(libc_a-mprec.o)
                0x08009b50                __mprec_tens
 .rodata._svfprintf_r.str1.1
                0x08009c18       0x11 C:/ST/STM32CubeIDE_1.17.0/STM32CubeIDE/plugins/com.st.stm32cube.ide.mcu.externaltools.gnu-tools-for-stm32.12.3.rel1.win32_1.1.0.202410251130/tools/bin/../lib/gcc/arm-none-eabi/12.3.1/../../../../arm-none-eabi/lib/thumb/v7e-m+fp/hard\libc_nano.a(libc_a-nano-svfprintf.o)
 .rodata._setlocale_r.str1.1
                0x08009c29        0x8 C:/ST/STM32CubeIDE_1.17.0/STM32CubeIDE/plugins/com.st.stm32cube.ide.mcu.externaltools.gnu-tools-for-stm32.12.3.rel1.win32_1.1.0.202410251130/tools/bin/../lib/gcc/arm-none-eabi/12.3.1/../../../../arm-none-eabi/lib/thumb/v7e-m+fp/hard\libc_nano.a(libc_a-locale.o)
                                  0x9 (size before relaxing)
 .rodata.str1.1
                0x08009c31        0x2 C:/ST/STM32CubeIDE_1.17.0/STM32CubeIDE/plugins/com.st.stm32cube.ide.mcu.externaltools.gnu-tools-for-stm32.12.3.rel1.win32_1.1.0.202410251130/tools/bin/../lib/gcc/arm-none-eabi/12.3.1/../../../../arm-none-eabi/lib/thumb/v7e-m+fp/hard\libc_nano.a(libc_a-locale.o)
 .rodata.__assert_func.str1.1
                0x08009c33       0x3c C:/ST/STM32CubeIDE_1.17.0/STM32CubeIDE/plugins/com.st.stm32cube.ide.mcu.externaltools.gnu-tools-for-stm32.12.3.rel1.win32_1.1.0.202410251130/tools/bin/../lib/gcc/arm-none-eabi/12.3.1/../../../../arm-none-eabi/lib/thumb/v7e-m+fp/hard\libc_nano.a(libc_a-assert.o)
                                 0x3d (size before relaxing)
 .rodata._ctype_
                0x08009c6f      0x101 C:/ST/STM32CubeIDE_1.17.0/STM32CubeIDE/plugins/com.st.stm32cube.ide.mcu.externaltools.gnu-tools-for-stm32.12.3.rel1.win32_1.1.0.202410251130/tools/bin/../lib/gcc/arm-none-eabi/12.3.1/../../../../arm-none-eabi/lib/thumb/v7e-m+fp/hard\libc_nano.a(libc_a-ctype_.o)
                0x08009c6f                _ctype_
 .rodata._vfprintf_r.str1.1
                0x08009d70       0x11 C:/ST/STM32CubeIDE_1.17.0/STM32CubeIDE/plugins/com.st.stm32cube.ide.mcu.externaltools.gnu-tools-for-stm32.12.3.rel1.win32_1.1.0.202410251130/tools/bin/../lib/gcc/arm-none-eabi/12.3.1/../../../../arm-none-eabi/lib/thumb/v7e-m+fp/hard\libc_nano.a(libc_a-nano-vfprintf.o)
                0x08009d84                        . = ALIGN (0x4)

.ARM.extab      0x08009d70        0x0
                0x08009d70                        . = ALIGN (0x4)
 *(.ARM.extab* .gnu.linkonce.armextab.*)
                0x08009d70                        . = ALIGN (0x4)

.ARM            0x08009d70        0x8
                0x08009d70                        . = ALIGN (0x4)
                0x08009d70                        __exidx_start = .
 *(.ARM.exidx*)
 .ARM.exidx     0x08009d70        0x8 C:/ST/STM32CubeIDE_1.17.0/STM32CubeIDE/plugins/com.st.stm32cube.ide.mcu.externaltools.gnu-tools-for-stm32.12.3.rel1.win32_1.1.0.202410251130/tools/bin/../lib/gcc/arm-none-eabi/12.3.1/../../../../arm-none-eabi/lib/thumb/v7e-m+fp/hard\libc_nano.a(libc_a-memchr.o)
 .ARM.exidx     0x08009d78        0x0 C:/ST/STM32CubeIDE_1.17.0/STM32CubeIDE/plugins/com.st.stm32cube.ide.mcu.externaltools.gnu-tools-for-stm32.12.3.rel1.win32_1.1.0.202410251130/tools/bin/../lib/gcc/arm-none-eabi/12.3.1/../../../../arm-none-eabi/lib/thumb/v7e-m+fp/hard\libc_nano.a(libc_a-strlen.o)
                                  0x8 (size before relaxing)
 .ARM.exidx     0x08009d78        0x0 C:/ST/STM32CubeIDE_1.17.0/STM32CubeIDE/plugins/com.st.stm32cube.ide.mcu.externaltools.gnu-tools-for-stm32.12.3.rel1.win32_1.1.0.202410251130/tools/bin/../lib/gcc/arm-none-eabi/12.3.1/thumb/v7e-m+fp/hard\libgcc.a(_udivmoddi4.o)
                                  0x8 (size before relaxing)
                0x08009d78                        __exidx_end = .
                0x08009d78                        . = ALIGN (0x4)

.preinit_array  0x08009d78        0x0
                0x08009d78                        . = ALIGN (0x4)
                0x08009d78                        PROVIDE (__preinit_array_start = .)
 *(.preinit_array*)
                0x08009d78                        PROVIDE (__preinit_array_end = .)
                0x08009d78                        . = ALIGN (0x4)

.init_array     0x08009d78        0x8
                0x08009d78                        . = ALIGN (0x4)
                0x08009d78                        PROVIDE (__init_array_start = .)
 *(SORT_BY_NAME(.init_array.*))
 *(.init_array*)
 .init_array    0x08009d78        0x4 C:/ST/STM32CubeIDE_1.17.0/STM32CubeIDE/plugins/com.st.stm32cube.ide.mcu.externaltools.gnu-tools-for-stm32.12.3.rel1.win32_1.1.0.202410251130/tools/bin/../lib/gcc/arm-none-eabi/12.3.1/thumb/v7e-m+fp/hard/crtbegin.o
 .init_array    0x08009d7c        0x4 ./Core/Src/stepperControl.o
                0x08009d80                        PROVIDE (__init_array_end = .)
                0x08009d80                        . = ALIGN (0x4)

.fini_array     0x08009d80        0x8
                0x08009d80                        . = ALIGN (0x4)
                [!provide]                        PROVIDE (__fini_array_start = .)
 *(SORT_BY_NAME(.fini_array.*))
 *(.fini_array*)
 .fini_array    0x08009d80        0x4 C:/ST/STM32CubeIDE_1.17.0/STM32CubeIDE/plugins/com.st.stm32cube.ide.mcu.externaltools.gnu-tools-for-stm32.12.3.rel1.win32_1.1.0.202410251130/tools/bin/../lib/gcc/arm-none-eabi/12.3.1/thumb/v7e-m+fp/hard/crtbegin.o
 .fini_array    0x08009d84        0x4 ./Core/Src/stepperControl.o
                [!provide]                        PROVIDE (__fini_array_end = .)
                0x08009d88                        . = ALIGN (0x4)
                0x08009d88                        _sidata = LOADADDR (.data)

.rel.dyn        0x08009d88        0x0
 .rel.iplt      0x08009d88        0x0 C:/ST/STM32CubeIDE_1.17.0/STM32CubeIDE/plugins/com.st.stm32cube.ide.mcu.externaltools.gnu-tools-for-stm32.12.3.rel1.win32_1.1.0.202410251130/tools/bin/../lib/gcc/arm-none-eabi/12.3.1/thumb/v7e-m+fp/hard/crtbegin.o

.data           0x20000000      0x1ec load address 0x08009d88
                0x20000000                        . = ALIGN (0x4)
                0x20000000                        _sdata = .
 *(.data)
 *(.data*)
 .data.timerInputFrequency
                0x20000000        0x4 ./Core/Src/stepperControl.o
                0x20000000                timerInputFrequency
 .data.timerCounterBits
                0x20000004        0x4 ./Core/Src/stepperControl.o
                0x20000004                timerCounterBits
 .data._ZL6motors
                0x20000008       0x10 ./Core/Src/stepperControl_wrapper.o
 .data.SystemCoreClock
                0x20000018        0x4 ./Core/Src/system_stm32f4xx.o
                0x20000018                SystemCoreClock
 .data.uwTickPrio
                0x2000001c        0x4 ./Drivers/STM32F4xx_HAL_Driver/Src/stm32f4xx_hal.o
                0x2000001c                uwTickPrio
 .data.uwTickFreq
                0x20000020        0x1 ./Drivers/STM32F4xx_HAL_Driver/Src/stm32f4xx_hal.o
                0x20000020                uwTickFreq
 *fill*         0x20000021        0x3 
 .data.__sglue  0x20000024        0xc C:/ST/STM32CubeIDE_1.17.0/STM32CubeIDE/plugins/com.st.stm32cube.ide.mcu.externaltools.gnu-tools-for-stm32.12.3.rel1.win32_1.1.0.202410251130/tools/bin/../lib/gcc/arm-none-eabi/12.3.1/../../../../arm-none-eabi/lib/thumb/v7e-m+fp/hard\libc_nano.a(libc_a-findfp.o)
                0x20000024                __sglue
 .data._impure_ptr
                0x20000030        0x4 C:/ST/STM32CubeIDE_1.17.0/STM32CubeIDE/plugins/com.st.stm32cube.ide.mcu.externaltools.gnu-tools-for-stm32.12.3.rel1.win32_1.1.0.202410251130/tools/bin/../lib/gcc/arm-none-eabi/12.3.1/../../../../arm-none-eabi/lib/thumb/v7e-m+fp/hard\libc_nano.a(libc_a-impure.o)
                0x20000030                _impure_ptr
 .data._impure_data
                0x20000034       0x4c C:/ST/STM32CubeIDE_1.17.0/STM32CubeIDE/plugins/com.st.stm32cube.ide.mcu.externaltools.gnu-tools-for-stm32.12.3.rel1.win32_1.1.0.202410251130/tools/bin/../lib/gcc/arm-none-eabi/12.3.1/../../../../arm-none-eabi/lib/thumb/v7e-m+fp/hard\libc_nano.a(libc_a-impure.o)
                0x20000034                _impure_data
 .data.__global_locale
                0x20000080      0x16c C:/ST/STM32CubeIDE_1.17.0/STM32CubeIDE/plugins/com.st.stm32cube.ide.mcu.externaltools.gnu-tools-for-stm32.12.3.rel1.win32_1.1.0.202410251130/tools/bin/../lib/gcc/arm-none-eabi/12.3.1/../../../../arm-none-eabi/lib/thumb/v7e-m+fp/hard\libc_nano.a(libc_a-locale.o)
                0x20000080                __global_locale
 *(.RamFunc)
 *(.RamFunc*)
                0x200001ec                        . = ALIGN (0x4)
                0x200001ec                        _edata = .

.igot.plt       0x200001ec        0x0 load address 0x08009f74
 .igot.plt      0x200001ec        0x0 C:/ST/STM32CubeIDE_1.17.0/STM32CubeIDE/plugins/com.st.stm32cube.ide.mcu.externaltools.gnu-tools-for-stm32.12.3.rel1.win32_1.1.0.202410251130/tools/bin/../lib/gcc/arm-none-eabi/12.3.1/thumb/v7e-m+fp/hard/crtbegin.o
                0x200001ec                        . = ALIGN (0x4)

.bss            0x200001ec      0x6c0 load address 0x08009f74
                0x200001ec                        _sbss = .
                0x200001ec                        __bss_start__ = _sbss
 *(.bss)
 .bss           0x200001ec       0x1c C:/ST/STM32CubeIDE_1.17.0/STM32CubeIDE/plugins/com.st.stm32cube.ide.mcu.externaltools.gnu-tools-for-stm32.12.3.rel1.win32_1.1.0.202410251130/tools/bin/../lib/gcc/arm-none-eabi/12.3.1/thumb/v7e-m+fp/hard/crtbegin.o
 *(.bss*)
 .bss.UART_buffer
                0x20000208       0x64 ./Core/Src/MTi.o
                0x20000208                UART_buffer
 .bss.len       0x2000026c        0x4 ./Core/Src/MTi.o
                0x2000026c                len
 .bss.state     0x20000270        0x1 ./Core/Src/MTi.o
                0x20000270                state
 *fill*         0x20000271        0x3 
 .bss.m_dataBuffer
                0x20000274      0x100 ./Core/Src/MTi.o
                0x20000274                m_dataBuffer
 .bss.m_xbusTxBuffer
                0x20000374      0x100 ./Core/Src/MTi.o
                0x20000374                m_xbusTxBuffer
 .bss.buffer    0x20000474       0x80 ./Core/Src/MTi.o
                0x20000474                buffer
 .bss.rawLength
                0x200004f4        0x4 ./Core/Src/MTi.o
                0x200004f4                rawLength
 .bss.notificationMessageSize
                0x200004f8        0x2 ./Core/Src/MTi.o
                0x200004f8                notificationMessageSize
 .bss.measurementMessageSize
                0x200004fa        0x2 ./Core/Src/MTi.o
                0x200004fa                measurementMessageSize
 .bss.status    0x200004fc        0x4 ./Core/Src/MTi.o
                0x200004fc                status
 .bss._ZN13CallbackChainI35TIM_OC_DelayElapsed_CallbackChainIDJP17TIM_HandleTypeDefEE4lastE
                0x20000500        0x4 ./Core/Src/TimerArrayControl.o
                0x20000500                CallbackChain<TIM_OC_DelayElapsed_CallbackChainID, TIM_HandleTypeDef*>::last
 .bss.hi2c1     0x20000504       0x54 ./Core/Src/main.o
                0x20000504                hi2c1
 .bss.htim2     0x20000558       0x48 ./Core/Src/main.o
                0x20000558                htim2
 .bss.huart2    0x200005a0       0x48 ./Core/Src/main.o
                0x200005a0                huart2
 .bss.frequencyDivision
                0x200005e8        0x4 ./Core/Src/stepperControl.o
                0x200005e8                frequencyDivision
 .bss.UART_buffer2
                0x200005ec       0x32 ./Core/Src/stepperControl.o
                0x200005ec                UART_buffer2