../Core/Src/stepperControl.c:37:6:stepperControl_init	16	static
../Core/Src/stepperControl.c:79:6:home	24	static
../Core/Src/stepperControl.c:132:6:manualControl	560	static
../Core/Src/stepperControl.c:233:6:HAL_GPIO_EXTI_Callback	40	static,ignoring_inline_asm
../Core/Src/stepperControl.c:287:6:togglePrintMode	8	static
../Core/Src/stepperControl.c:298:6:sendPosCommand	128	static
../Core/Src/stepperControl.c:310:6:sendSinglePosCommand	128	static
../Core/Src/stepperControl.c:322:6:sendSingleRelPosCommand	128	static
../Core/Src/stepperControl.c:334:6:sendVelocityCommand	128	static
../Core/Src/stepperControl.c:346:6:sendPosUpdate	128	static
../Core/Src/stepperControl.c:358:6:emergencyStop	120	static
../Core/Src/stepperControl.c:370:6:resetPositions	120	static
../Core/Src/stepperControl.c:382:6:resetSystem	120	static
