../Core/Src/xbus.c:38:6:Xbus_checkPreamble	16	static
../Core/Src/xbus.c:45:5:Xbus_getBusId	16	static
../Core/Src/xbus.c:52:6:Xbus_setBusId	16	static
../Core/Src/xbus.c:59:5:Xbus_getMessageId	16	static
../Core/Src/xbus.c:66:6:Xbus_setMessageId	16	static
../Core/Src/xbus.c:73:5:Xbus_getPayloadLength	24	static
../Core/Src/xbus.c:88:6:Xbus_setPayloadLength	16	static
../Core/Src/xbus.c:102:6:Xbus_message	16	static
../Core/Src/xbus.c:112:5:Xbus_getRawLength	24	static
../Core/Src/xbus.c:125:10:Xbus_getPointerToPayload	16	static
../Core/Src/xbus.c:135:16:Xbus_getConstPointerToPayload	16	static
../Core/Src/xbus.c:143:6:Xbus_insertChecksum	32	static
../Core/Src/xbus.c:156:6:Xbus_verifyChecksum	32	static
../Core/Src/xbus.c:166:6:checkDataReadyLineMain	8	static
../Core/Src/xbus.c:171:8:Xbus_createRawMessageHelper	32	static
../Core/Src/xbus.c:214:9:extractUint8	24	static
../Core/Src/xbus.c:222:10:extractUint16	24	static
../Core/Src/xbus.c:233:10:extractUint32	24	static
../Core/Src/xbus.c:248:7:extractFloat	24	static
